Microchip MPLAB XC8 Compiler V2.00 ()

Linker command line:

-W-3 --edf=C:\Program Files (x86)\Microchip\xc8\v2.00\pic\dat\en_msgs.txt \
  -cs -h+dist/default/debug\Pingpong.X.debug.sym \
  --cmf=dist/default/debug\Pingpong.X.debug.cmf -z -Q18F4520 \
  -oC:\Users\Divik\AppData\Local\Temp\s7sk.2 --defsym=__MPLAB_BUILD=1 \
  -Mdist/default/debug/Pingpong.X.debug.map -E1 -ver=XC8 --acfsm=1493 \
  -ASTACK=0133h-05eeh -pstack=STACK -ACODE=00h-07D2Fh -ACONST=00h-07D2Fh \
  -ASMALLCONST=0600h-06FFhx119,07D00h-07D2Fh -AMEDIUMCONST=0600h-07D2Fh \
  -ACOMRAM=01h-07Fh -AABS1=00h-05EEh -ABIGRAM=01h-05EEh \
  -ARAM=080h-0FFh,0100h-01FFhx4,0500h-05EEh -ABANK0=080h-0FFh \
  -ABANK1=0100h-01FFh -ABANK2=0200h-02FFh -ABANK3=0300h-03FFh \
  -ABANK4=0400h-04FFh -ABANK5=0500h-05EEh \
  -ASFR=0F80h-0F9Bh,0F9Dh-0FD3h,0FD5h-0FDAh,0FE0h-0FE2h,0FE8h-0FEAh,0FF0h-0FFBh \
  -preset_vec=00h,intcode=08h,intcodelo=018h,powerup,init -pramtop=0600h \
  -psmallconst=SMALLCONST -pmediumconst=MEDIUMCONST -pconst=CONST \
  -AFARRAM=00h-00h -ACONFIG=0300000h-030000Dh -pconfig=CONFIG \
  -AIDLOC=0200000h-0200007h -pidloc=IDLOC -AEEDATA=0F00000h-0F000FFh \
  -peeprom_data=EEDATA \
  -prdata=COMRAM,nvrram=COMRAM,nvbit=COMRAM,rbss=COMRAM,rbit=COMRAM \
  -pfarbss=FARRAM,fardata=FARRAM,nvFARRAM=FARRAM \
  -pintsave_regs=BIGRAM,bigbss=BIGRAM,bigdata=BIGRAM -pbss=RAM \
  -pidata=CODE,irdata=CODE,ibigdata=CODE,ifardata=CODE -prparam=COMRAM \
  C:\Users\Divik\AppData\Local\Temp\s7sk.o \
  dist/default/debug\Pingpong.X.debug.o 

Object code version is 3.11

Machine type is 18F4520

Call graph: (short form)




                Name                               Link     Load   Length Selector   Space Scale
C:\Users\Divik\AppData\Local\Temp\s7sk.o
                init                                 78       78        4        C       0
                reset_vec                             0        0        4        0       0
                idloc                            200000   200000        8   200000       0
                config                           300000   300000        E   300000       0
dist/default/debug\Pingpong.X.debug.o
                intcodelo                            18       18       60        C       0
                intcode                               8        8        6        4       0
                temp                                 7E       7E        1        1       1
                smallconst                          600      600       48      300       0
                text42                             3A6C     3A6C       6C      324       0
                text41                             3FD0     3FD0       1E      324       0
                text40                             3DA4     3DA4       48      324       0
                text39                             3F60     3F60       2A      324       0
                text38                             3F24     3F24       3C      324       0
                text37                             3C60     3C60       5A      324       0
                text36                             29F0     29F0      20E      324       0
                text35                             4002     4002        2     2001       0
                text34                             362A     362A       DE      324       0
                text33                             3D58     3D58       4C      324       0
                text32                             3CBA     3CBA       52      324       0
                text31                             37E2     37E2       D2      324       0
                text30                             3BA0     3BA0       62      324       0
                text29                             2BFE     2BFE      1B0      324       0
                text28                             2F58     2F58      18C      324       0
                text27                             3DEC     3DEC       44      324       0
                text26                             1F8E     1F8E      31A      324       0
                text25                             27E2     27E2      20E      324       0
                text24                             2DAE     2DAE      1AA      324       0
                text23                             3446     3446      100      324       0
                text22                             3342     3342      104      324       0
                text21                             3546     3546       E4      324       0
                text20                             25BE     25BE      224      324       0
                text19                             3E30     3E30       40      324       0
                text18                             3EE8     3EE8       3C      324       0
                text17                             3EAC     3EAC       3C      324       0
                text16                             39EE     39EE       7E      324       0
                text15                             1C58     1C58      336      324       0
                text14                              648      648     1610      324       0
                text13                             3AD8     3AD8       66      324       0
                text12                             321A     321A      128      324       0
                text11                             3E70     3E70       3C      324       0
                text10                             38B4     38B4       B8      324       0
                intcode_body                       22A8     22A8      316      324       0
                text8                              3FB0     3FB0       20      324       0
                text7                              3708     3708       DA      324       0
                text6                              3D0C     3D0C       4C      324       0
                text4                              3F8A     3F8A       26      324       0
                text3                              3FEE     3FEE        A      324       0
                text2                              30E4     30E4      136      324       0
                text1                              3C02     3C02       5E      324       0
                text0                              396C     396C       82      324       0
                cstackCOMRAM                          1        1       7B        1       1
                cstackBANK0                          80       80       43       80       1
                cstackBANK1                         100      100       1D      100       1
                dataBANK1                           131      131        2      100       1
                bssBANK1                            11D      11D       14      100       1
                dataBANK0                            F1       F1        7       80       1
                bssBANK0                             C3       C3       2E       80       1
                bssCOMRAM                            7C       7C        2        1       1
                cinit                              3B3E     3B3E       62      324       0
                idataBANK1                         3FFF     3FFF        2      324       0
                idataBANK0                         3FF8     3FF8        7      324       0

TOTAL           Name                               Link     Load   Length     Space
        CLASS   STACK          

        CLASS   CODE           
                intcodelo                            18       18       60         0
                intcode                               8        8        6         0
                init                                 78       78        4         0
                reset_vec                             0        0        4         0
                text42                             3A6C     3A6C       6C         0
                text41                             3FD0     3FD0       1E         0
                text40                             3DA4     3DA4       48         0
                text39                             3F60     3F60       2A         0
                text38                             3F24     3F24       3C         0
                text37                             3C60     3C60       5A         0
                text36                             29F0     29F0      20E         0
                text35                             4002     4002        2         0
                text34                             362A     362A       DE         0
                text33                             3D58     3D58       4C         0
                text32                             3CBA     3CBA       52         0
                text31                             37E2     37E2       D2         0
                text30                             3BA0     3BA0       62         0
                text29                             2BFE     2BFE      1B0         0
                text28                             2F58     2F58      18C         0
                text27                             3DEC     3DEC       44         0
                text26                             1F8E     1F8E      31A         0
                text25                             27E2     27E2      20E         0
                text24                             2DAE     2DAE      1AA         0
                text23                             3446     3446      100         0
                text22                             3342     3342      104         0
                text21                             3546     3546       E4         0
                text20                             25BE     25BE      224         0
                text19                             3E30     3E30       40         0
                text18                             3EE8     3EE8       3C         0
                text17                             3EAC     3EAC       3C         0
                text16                             39EE     39EE       7E         0
                text15                             1C58     1C58      336         0
                text14                              648      648     1610         0
                text13                             3AD8     3AD8       66         0
                text12                             321A     321A      128         0
                text11                             3E70     3E70       3C         0
                text10                             38B4     38B4       B8         0
                intcode_body                       22A8     22A8      316         0
                text8                              3FB0     3FB0       20         0
                text7                              3708     3708       DA         0
                text6                              3D0C     3D0C       4C         0
                text4                              3F8A     3F8A       26         0
                text3                              3FEE     3FEE        A         0
                text2                              30E4     30E4      136         0
                text1                              3C02     3C02       5E         0
                text0                              396C     396C       82         0
                cinit                              3B3E     3B3E       62         0
                idataBANK1                         3FFF     3FFF        2         0
                idataBANK0                         3FF8     3FF8        7         0

        CLASS   CONST          

        CLASS   SMALLCONST     
                smallconst                          600      600       48         0

        CLASS   MEDIUMCONST    

        CLASS   COMRAM         
                temp                                 7E       7E        1         1
                cstackCOMRAM                          1        1       7B         1
                bssCOMRAM                            7C       7C        2         1

        CLASS   ABS1           

        CLASS   BIGRAM         

        CLASS   RAM            

        CLASS   BANK0          
                cstackBANK0                          80       80       43         1
                dataBANK0                            F1       F1        7         1
                bssBANK0                             C3       C3       2E         1

        CLASS   BANK1          
                cstackBANK1                         100      100       1D         1
                dataBANK1                           131      131        2         1
                bssBANK1                            11D      11D       14         1

        CLASS   BANK2          

        CLASS   BANK3          

        CLASS   BANK4          

        CLASS   BANK5          

        CLASS   SFR            

        CLASS   FARRAM         

        CLASS   CONFIG         
                config                           300000   300000        E         0

        CLASS   IDLOC          
                idloc                            200000   200000        8         0

        CLASS   EEDATA         



SEGMENTS        Name                           Load    Length   Top    Selector   Space  Class

                reset_vec                      000000  000004  000004         0       0  CODE    
                cstackCOMRAM                   000001  00007E  00007F         1       1  COMRAM  
                intcode                        000008  000006  00000E         4       0  CODE    
                intcodelo                      000018  000064  00007C         C       0  CODE    
                cstackBANK0                    000080  000078  0000F8        80       1  BANK0   
                cstackBANK1                    000100  000033  000133       100       1  BANK1   
                smallconst                     000600  000048  000648       300       0  SMALLCON
                text14                         000648  0039B9  004001       324       0  CODE    
                text35                         004002  000002  004004      2001       0  CODE    
                idloc                          200000  000008  200008    200000       0  IDLOC   
                config                         300000  00000E  30000E    300000       0  CONFIG  


UNUSED ADDRESS RANGES

        Name                Unused          Largest block    Delta
        BANK0            0000F8-0000FF                8
        BANK1            000133-0001FF               CD
        BANK2            000200-0002FF              100
        BANK3            000300-0003FF              100
        BANK4            000400-0004FF              100
        BANK5            000500-0005EE               EF
        BIGRAM           00007F-00007F                1
                         0000F8-0000FF                8
                         000133-0005EE              4BC
        CODE             000004-000007                4
                         00000E-000017                A
                         00007C-0005FF              584
                         004001-004001                1
                         004004-007D2F             3D2C
        COMRAM           00007F-00007F                1
        CONST            000004-000007                4
                         00000E-000017                A
                         00007C-0005FF              584
                         004001-004001                1
                         004004-007D2F             3D2C
        EEDATA           F00000-F000FF              100
        MEDIUMCONST      004001-004001                1
                         004004-007D2F             3D2C
        RAM              0000F8-0000FF                8
                         000133-0005EE              100
        SFR              000F80-000F9B               1C
                         000F9D-000FD3               37
                         000FD5-000FDA                6
                         000FE0-000FE2                3
                         000FE8-000FEA                3
                         000FF0-000FFB                C
        SMALLCONST       004001-004001                1
                         004004-007D2F              100
        STACK            000133-0005EE              4BC

                                  Symbol Table

?___aldiv                       cstackBANK1  00010B
?___aodiv                       cstackCOMRAM 000001
?___aomod                       cstackCOMRAM 000001
?___awmod                       cstackBANK1  000100
?___lodiv                       cstackCOMRAM 000001
?___lomod                       cstackCOMRAM 000001
?___wmul                        cstackCOMRAM 000001
?_abs                           cstackCOMRAM 000013
?_atoi                          cstackCOMRAM 000008
?_ctoa                          cstackCOMRAM 00001C
?_dtoa                          cstackCOMRAM 00001C
?_isalpha                       cstackCOMRAM 000001
?_isdigit                       cstackCOMRAM 000001
?_islower                       cstackCOMRAM 000001
?_isspace                       cstackCOMRAM 000001
?_isupper                       cstackCOMRAM 000001
?_otoa                          cstackCOMRAM 00001C
?_pad                           cstackCOMRAM 000011
?_snprintf                      cstackBANK0  00008A
?_stoa                          cstackCOMRAM 00000A
?_strlen                        cstackCOMRAM 000001
?_strncmp                       cstackCOMRAM 000001
?_toupper                       cstackCOMRAM 000007
?_utoa                          cstackCOMRAM 00001C
?_vfpfcnvrt                     cstackCOMRAM 000043
?_vfprintf                      cstackCOMRAM 000068
?_vsnprintf                     cstackCOMRAM 000070
?_xtoa                          cstackCOMRAM 00001C
ClearBuffer@i                   cstackCOMRAM 000001
UART_Initialize@rate            cstackBANK1  000119
UART_Write@data                 cstackBANK1  000100
UART_Write_Text@i               cstackCOMRAM 000004
UART_Write_Text@text            cstackCOMRAM 000002
_BAUDCONbits                    (abs)        000FB8
_CREN                           (abs)        007D5C
_ClearBuffer                    text42       003A6C
_Hi_ISR                         intcode      000008
_INTCON2bits                    (abs)        000FF1
_INTCONbits                     (abs)        000FF2
_INTERRUPT_Initialize           text4        003F8A
_IPR1bits                       (abs)        000F9F
_IRCF0                          (abs)        007E9C
_IRCF1                          (abs)        007E9D
_IRCF2                          (abs)        007E9E
_LATC                           (abs)        000F8B
_LATDbits                       (abs)        000F8C
_Lo_ISR                         intcodelo    000018
_MyusartRead                    text6        003D0C
_OSCILLATOR_Initialize          text3        003FEE
_OSCTUNEbits                    (abs)        000F9B
_PIE1bits                       (abs)        000F9D
_PIR1bits                       (abs)        000F9E
_PORTDbits                      (abs)        000F83
_RCIF                           (abs)        007CF5
_RCONbits                       (abs)        000FD0
_RCREG                          (abs)        000FAE
_RCSTAbits                      (abs)        000FAB
_SPBRG                          (abs)        000FAF
_SPBRGH                         (abs)        000FB0
_T1CONbits                      (abs)        000FCD
_TMR1                           (abs)        000FCE
_TRISB                          (abs)        000F93
_TRISC                          (abs)        000F94
_TRISCbits                      (abs)        000F94
_TRISDbits                      (abs)        000F95
_TXREG                          (abs)        000FAD
_TXSTAbits                      (abs)        000FAC
_UART_Initialize                text1        003C02
_UART_Write                     text8        003FB0
_UART_Write_Text                text40       003DA4
__CFG_BOREN$SBORDIS             (abs)        000000
__CFG_BORV$3                    (abs)        000000
__CFG_CCP2MX$PORTC              (abs)        000000
__CFG_CP0$OFF                   (abs)        000000
__CFG_CP1$OFF                   (abs)        000000
__CFG_CP2$OFF                   (abs)        000000
__CFG_CP3$OFF                   (abs)        000000
__CFG_CPB$OFF                   (abs)        000000
__CFG_CPD$OFF                   (abs)        000000
__CFG_EBTR0$OFF                 (abs)        000000
__CFG_EBTR1$OFF                 (abs)        000000
__CFG_EBTR2$OFF                 (abs)        000000
__CFG_EBTR3$OFF                 (abs)        000000
__CFG_EBTRB$OFF                 (abs)        000000
__CFG_FCMEN$OFF                 (abs)        000000
__CFG_IESO$ON                   (abs)        000000
__CFG_LPT1OSC$OFF               (abs)        000000
__CFG_LVP$OFF                   (abs)        000000
__CFG_MCLRE$ON                  (abs)        000000
__CFG_OSC$INTIO67               (abs)        000000
__CFG_PBADEN$OFF                (abs)        000000
__CFG_PWRT$OFF                  (abs)        000000
__CFG_STVREN$ON                 (abs)        000000
__CFG_WDT$OFF                   (abs)        000000
__CFG_WDTPS$1                   (abs)        000000
__CFG_WRT0$OFF                  (abs)        000000
__CFG_WRT1$OFF                  (abs)        000000
__CFG_WRT2$OFF                  (abs)        000000
__CFG_WRT3$OFF                  (abs)        000000
__CFG_WRTB$OFF                  (abs)        000000
__CFG_WRTC$OFF                  (abs)        000000
__CFG_WRTD$OFF                  (abs)        000000
__CFG_XINST$OFF                 (abs)        000000
__HRAM                          (abs)        000000
__Habs1                         abs1         000000
__Hbank0                        bank0        000000
__Hbank1                        bank1        000000
__Hbank2                        bank2        000000
__Hbank3                        bank3        000000
__Hbank4                        bank4        000000
__Hbank5                        bank5        000000
__Hbigbss                       bigbss       000000
__Hbigdata                      bigdata      000000
__Hbigram                       bigram       000000
__Hbss                          bss          000000
__HbssBANK0                     bssBANK0     000000
__HbssBANK1                     bssBANK1     000000
__HbssCOMRAM                    bssCOMRAM    000000
__Hcinit                        cinit        000000
__Hclrtext                      clrtext      000000
__Hcomram                       comram       000000
__Hconfig                       config       30000E
__Hconst                        const        000000
__HcstackBANK0                  cstackBANK0  000000
__HcstackBANK1                  cstackBANK1  000000
__HcstackCOMRAM                 cstackCOMRAM 000000
__Hdata                         data         000000
__HdataBANK0                    dataBANK0    000000
__HdataBANK1                    dataBANK1    000000
__Heeprom_data                  eeprom_data  000000
__Hfarbss                       farbss       000000
__Hfardata                      fardata      000000
__Hibigdata                     ibigdata     000000
__Hidata                        idata        000000
__HidataBANK0                   idataBANK0   000000
__HidataBANK1                   idataBANK1   000000
__Hidloc                        idloc        200008
__Hifardata                     ifardata     000000
__Hinit                         init         00007C
__Hintcode                      intcode      00000E
__Hintcode_body                 intcode_body 000000
__Hintcodelo                    intcodelo    000078
__Hintentry                     intentry     000000
__Hintret                       intret       000000
__Hintsave_regs                 intsave_regs 000000
__Hirdata                       irdata       000000
__Hmediumconst                  mediumconst  000000
__HnvFARRAM                     nvFARRAM     000000
__Hnvbit                        nvbit        000000
__Hnvrram                       nvrram       000000
__Hparam                        rparam       000000
__Hpowerup                      powerup      000078
__Hram                          ram          000000
__Hramtop                       ramtop       000600
__Hrbit                         rbit         000000
__Hrbss                         rbss         000000
__Hrdata                        rdata        000000
__Hreset_vec                    reset_vec    000004
__Hrparam                       rparam       000000
__Hsfr                          sfr          000000
__Hsmallconst                   smallconst   000648
__Hspace_0                      (abs)        30000E
__Hspace_1                      (abs)        000133
__Hspace_2                      (abs)        000000
__Hstack                        stack        000000
__Hstruct                       struct       000000
__Htemp                         temp         00007F
__Htext                         text         000000
__Htext0                        text0        000000
__Htext1                        text1        000000
__Htext10                       text10       000000
__Htext11                       text11       000000
__Htext12                       text12       000000
__Htext13                       text13       000000
__Htext14                       text14       000000
__Htext15                       text15       000000
__Htext16                       text16       000000
__Htext17                       text17       000000
__Htext18                       text18       000000
__Htext19                       text19       000000
__Htext2                        text2        000000
__Htext20                       text20       000000
__Htext21                       text21       000000
__Htext22                       text22       000000
__Htext23                       text23       000000
__Htext24                       text24       000000
__Htext25                       text25       000000
__Htext26                       text26       000000
__Htext27                       text27       000000
__Htext28                       text28       000000
__Htext29                       text29       000000
__Htext3                        text3        000000
__Htext30                       text30       000000
__Htext31                       text31       000000
__Htext32                       text32       000000
__Htext33                       text33       000000
__Htext34                       text34       000000
__Htext35                       text35       000000
__Htext36                       text36       000000
__Htext37                       text37       000000
__Htext38                       text38       000000
__Htext39                       text39       000000
__Htext4                        text4        000000
__Htext40                       text40       000000
__Htext41                       text41       000000
__Htext42                       text42       000000
__Htext6                        text6        000000
__Htext7                        text7        000000
__Htext8                        text8        000000
__LRAM                          (abs)        000001
__Labs1                         abs1         000000
__Lbank0                        bank0        000000
__Lbank1                        bank1        000000
__Lbank2                        bank2        000000
__Lbank3                        bank3        000000
__Lbank4                        bank4        000000
__Lbank5                        bank5        000000
__Lbigbss                       bigbss       000000
__Lbigdata                      bigdata      000000
__Lbigram                       bigram       000000
__Lbss                          bss          000000
__LbssBANK0                     bssBANK0     000000
__LbssBANK1                     bssBANK1     000000
__LbssCOMRAM                    bssCOMRAM    000000
__Lcinit                        cinit        000000
__Lclrtext                      clrtext      000000
__Lcomram                       comram       000000
__Lconfig                       config       300000
__Lconst                        const        000000
__LcstackBANK0                  cstackBANK0  000000
__LcstackBANK1                  cstackBANK1  000000
__LcstackCOMRAM                 cstackCOMRAM 000000
__Ldata                         data         000000
__LdataBANK0                    dataBANK0    000000
__LdataBANK1                    dataBANK1    000000
__Leeprom_data                  eeprom_data  000000
__Lfarbss                       farbss       000000
__Lfardata                      fardata      000000
__Libigdata                     ibigdata     000000
__Lidata                        idata        000000
__LidataBANK0                   idataBANK0   000000
__LidataBANK1                   idataBANK1   000000
__Lidloc                        idloc        200000
__Lifardata                     ifardata     000000
__Linit                         init         000078
__Lintcode                      intcode      000008
__Lintcode_body                 intcode_body 000000
__Lintcodelo                    intcodelo    000018
__Lintentry                     intentry     000000
__Lintret                       intret       000000
__Lintsave_regs                 intsave_regs 000000
__Lirdata                       irdata       000000
__Lmediumconst                  mediumconst  000000
__LnvFARRAM                     nvFARRAM     000000
__Lnvbit                        nvbit        000000
__Lnvrram                       nvrram       000000
__Lparam                        rparam       000000
__Lpowerup                      powerup      000078
__Lram                          ram          000000
__Lramtop                       ramtop       000600
__Lrbit                         rbit         000000
__Lrbss                         rbss         000000
__Lrdata                        rdata        000000
__Lreset_vec                    reset_vec    000000
__Lrparam                       rparam       000000
__Lsfr                          sfr          000000
__Lsmallconst                   smallconst   000600
__Lspace_0                      (abs)        000000
__Lspace_1                      (abs)        000000
__Lspace_2                      (abs)        000000
__Lstack                        stack        000000
__Lstruct                       struct       000000
__Ltemp                         temp         00007E
__Ltext                         text         000000
__Ltext0                        text0        000000
__Ltext1                        text1        000000
__Ltext10                       text10       000000
__Ltext11                       text11       000000
__Ltext12                       text12       000000
__Ltext13                       text13       000000
__Ltext14                       text14       000000
__Ltext15                       text15       000000
__Ltext16                       text16       000000
__Ltext17                       text17       000000
__Ltext18                       text18       000000
__Ltext19                       text19       000000
__Ltext2                        text2        000000
__Ltext20                       text20       000000
__Ltext21                       text21       000000
__Ltext22                       text22       000000
__Ltext23                       text23       000000
__Ltext24                       text24       000000
__Ltext25                       text25       000000
__Ltext26                       text26       000000
__Ltext27                       text27       000000
__Ltext28                       text28       000000
__Ltext29                       text29       000000
__Ltext3                        text3        000000
__Ltext30                       text30       000000
__Ltext31                       text31       000000
__Ltext32                       text32       000000
__Ltext33                       text33       000000
__Ltext34                       text34       000000
__Ltext35                       text35       000000
__Ltext36                       text36       000000
__Ltext37                       text37       000000
__Ltext38                       text38       000000
__Ltext39                       text39       000000
__Ltext4                        text4        000000
__Ltext40                       text40       000000
__Ltext41                       text41       000000
__Ltext42                       text42       000000
__Ltext6                        text6        000000
__Ltext7                        text7        000000
__Ltext8                        text8        000000
__S0                            (abs)        30000E
__S1                            (abs)        000133
__S2                            (abs)        000000
___aldiv                        text2        0030E4
___aldiv@counter                cstackBANK1  000113
___aldiv@dividend               cstackBANK1  00010B
___aldiv@divisor                cstackBANK1  00010F
___aldiv@quotient               cstackBANK1  000115
___aldiv@sign                   cstackBANK1  000114
___aodiv                        text29       002BFE
___aodiv@counter                cstackCOMRAM 000011
___aodiv@dividend               cstackCOMRAM 000001
___aodiv@divisor                cstackCOMRAM 000009
___aodiv@quotient               cstackCOMRAM 000013
___aodiv@sign                   cstackCOMRAM 000012
___aomod                        text28       002F58
___aomod@counter                cstackCOMRAM 000011
___aomod@dividend               cstackCOMRAM 000001
___aomod@divisor                cstackCOMRAM 000009
___aomod@sign                   cstackCOMRAM 000012
___awmod                        text7        003708
___awmod@counter                cstackBANK1  000104
___awmod@dividend               cstackBANK1  000100
___awmod@divisor                cstackBANK1  000102
___awmod@sign                   cstackBANK1  000105
___inthi_sp                     stack        000000
___intlo_sp                     stack        000000
___lodiv                        text22       003342
___lodiv@counter                cstackCOMRAM 000019
___lodiv@dividend               cstackCOMRAM 000001
___lodiv@divisor                cstackCOMRAM 000009
___lodiv@quotient               cstackCOMRAM 000011
___lomod                        text21       003546
___lomod@counter                cstackCOMRAM 000011
___lomod@dividend               cstackCOMRAM 000001
___lomod@divisor                cstackCOMRAM 000009
___param_bank                   (abs)        000000
___rparam_used                  (abs)        000001
___sp                           stack        000000
___wmul                         text39       003F60
___wmul@multiplicand            cstackCOMRAM 000003
___wmul@multiplier              cstackCOMRAM 000001
___wmul@product                 cstackCOMRAM 000005
__accesstop                     (abs)        000080
__activetblptr                  (abs)        000002
__end_of_ClearBuffer            text42       003AD8
__end_of_Hi_ISR                 intcode_body 0025BE
__end_of_INTERRUPT_Initialize   text4        003FB0
__end_of_Lo_ISR                 intcodelo    000078
__end_of_MyusartRead            text6        003D58
__end_of_OSCILLATOR_Initialize  text3        003FF8
__end_of_UART_Initialize        text1        003C60
__end_of_UART_Write             text8        003FD0
__end_of_UART_Write_Text        text40       003DEC
__end_of___aldiv                text2        00321A
__end_of___aodiv                text29       002DAE
__end_of___aomod                text28       0030E4
__end_of___awmod                text7        0037E2
__end_of___lodiv                text22       003446
__end_of___lomod                text21       00362A
__end_of___wmul                 text39       003F8A
__end_of__initialization        cinit        003B92
__end_of_abs                    text27       003E30
__end_of_atoi                   text36       002BFE
__end_of_ctoa                   text30       003C02
__end_of_dtoa                   text26       0022A8
__end_of_fputc                  text34       003708
__end_of_fputs                  text33       003DA4
__end_of_isalpha                text19       003E70
__end_of_isdigit                text38       003F60
__end_of_islower                text17       003EE8
__end_of_isspace                text37       003CBA
__end_of_isupper                text18       003F24
__end_of_main                   text0        0039EE
__end_of_otoa                   text25       0029F0
__end_of_pad                    text31       0038B4
__end_of_putch                  text35       004004
__end_of_sendData               text10       00396C
__end_of_snprintf               text11       003EAC
__end_of_stoa                   text24       002F58
__end_of_strlen                 text32       003D0C
__end_of_strncmp                text23       003546
__end_of_toupper                text16       003A6C
__end_of_utoa                   text20       0027E2
__end_of_vfpfcnvrt              text14       001C58
__end_of_vfprintf               text13       003B3E
__end_of_vsnprintf              text12       003342
__end_of_xtoa                   text15       001F8E
__end_ofi2_UART_Write           text41       003FEE
__initialization                cinit        003B3E
__mediumconst                   mediumconst  000000
__pbssBANK0                     bssBANK0     0000C3
__pbssBANK1                     bssBANK1     00011D
__pbssCOMRAM                    bssCOMRAM    00007C
__pcinit                        cinit        003B3E
__pcstackBANK0                  cstackBANK0  000080
__pcstackBANK1                  cstackBANK1  000100
__pcstackCOMRAM                 cstackCOMRAM 000001
__pdataBANK0                    dataBANK0    0000F1
__pdataBANK1                    dataBANK1    000131
__pidataBANK0                   idataBANK0   003FF8
__pidataBANK1                   idataBANK1   003FFF
__pintcode                      intcode      000008
__pintcode_body                 intcode_body 0022A8
__pintcodelo                    intcodelo    000018
__psmallconst                   smallconst   000600
__ptext0                        text0        00396C
__ptext1                        text1        003C02
__ptext10                       text10       0038B4
__ptext11                       text11       003E70
__ptext12                       text12       00321A
__ptext13                       text13       003AD8
__ptext14                       text14       000648
__ptext15                       text15       001C58
__ptext16                       text16       0039EE
__ptext17                       text17       003EAC
__ptext18                       text18       003EE8
__ptext19                       text19       003E30
__ptext2                        text2        0030E4
__ptext20                       text20       0025BE
__ptext21                       text21       003546
__ptext22                       text22       003342
__ptext23                       text23       003446
__ptext24                       text24       002DAE
__ptext25                       text25       0027E2
__ptext26                       text26       001F8E
__ptext27                       text27       003DEC
__ptext28                       text28       002F58
__ptext29                       text29       002BFE
__ptext3                        text3        003FEE
__ptext30                       text30       003BA0
__ptext31                       text31       0037E2
__ptext32                       text32       003CBA
__ptext33                       text33       003D58
__ptext34                       text34       00362A
__ptext35                       text35       004002
__ptext36                       text36       0029F0
__ptext37                       text37       003C60
__ptext38                       text38       003F24
__ptext39                       text39       003F60
__ptext4                        text4        003F8A
__ptext40                       text40       003DA4
__ptext41                       text41       003FD0
__ptext42                       text42       003A6C
__ptext6                        text6        003D0C
__ptext7                        text7        003708
__ptext8                        text8        003FB0
__ramtop                        ramtop       000600
__size_of_ClearBuffer           (abs)        000000
__size_of_Hi_ISR                (abs)        000000
__size_of_INTERRUPT_Initialize  (abs)        000000
__size_of_Lo_ISR                (abs)        000000
__size_of_MyusartRead           (abs)        000000
__size_of_OSCILLATOR_Initialize (abs)        000000
__size_of_UART_Initialize       (abs)        000000
__size_of_UART_Write            (abs)        000000
__size_of_UART_Write_Text       (abs)        000000
__size_of___aldiv               (abs)        000000
__size_of___aodiv               (abs)        000000
__size_of___aomod               (abs)        000000
__size_of___awmod               (abs)        000000
__size_of___lodiv               (abs)        000000
__size_of___lomod               (abs)        000000
__size_of___wmul                (abs)        000000
__size_of_abs                   (abs)        000000
__size_of_atoi                  (abs)        000000
__size_of_ctoa                  (abs)        000000
__size_of_dtoa                  (abs)        000000
__size_of_fputc                 (abs)        000000
__size_of_fputs                 (abs)        000000
__size_of_isalpha               (abs)        000000
__size_of_isdigit               (abs)        000000
__size_of_islower               (abs)        000000
__size_of_isspace               (abs)        000000
__size_of_isupper               (abs)        000000
__size_of_main                  (abs)        000000
__size_of_otoa                  (abs)        000000
__size_of_pad                   (abs)        000000
__size_of_putch                 (abs)        000000
__size_of_sendData              (abs)        000000
__size_of_snprintf              (abs)        000000
__size_of_stoa                  (abs)        000000
__size_of_strlen                (abs)        000000
__size_of_strncmp               (abs)        000000
__size_of_toupper               (abs)        000000
__size_of_utoa                  (abs)        000000
__size_of_vfpfcnvrt             (abs)        000000
__size_of_vfprintf              (abs)        000000
__size_of_vsnprintf             (abs)        000000
__size_of_xtoa                  (abs)        000000
__size_ofi2_UART_Write          (abs)        000000
__smallconst                    smallconst   000600
_abs                            text27       003DEC
_atoi                           text36       0029F0
_atoi$1681                      cstackCOMRAM 000010
_atoi$1682                      cstackCOMRAM 000014
_atoi$1683                      cstackCOMRAM 000012
_ball                           bssBANK1     00011D
_ctoa                           text30       003BA0
_dbuf                           bssBANK0     0000D1
_dtoa                           text26       001F8E
_dtoa$1068                      cstackCOMRAM 00002E
_errno                          bssBANK0     0000C3
_flags                          bssCOMRAM    00007C
_fputc                          text34       00362A
_fputs                          text33       003D58
_isalpha                        text19       003E30
_isdigit                        text38       003F24
_islower                        text17       003EAC
_isspace                        text37       003C60
_isspace$1708                   cstackCOMRAM 000007
_isupper                        text18       003EE8
_lenStr                         bssBANK1     000125
_life                           dataBANK1    000131
_main                           text0        00396C
_mystring                       bssBANK1     000127
_nout                           bssBANK0     0000C5
_onplate                        bssBANK0     0000CB
_otoa                           text25       0027E2
_pad                            text31       0037E2
_player1                        bssBANK0     0000CF
_player2                        bssBANK0     0000CD
_prec                           bssBANK0     0000C9
_putch                          text35       004002
_sendData                       text10       0038B4
_snprintf                       text11       003E70
_stoa                           text24       002DAE
_strlen                         text32       003CBA
_strncmp                        text23       003446
_toupper                        text16       0039EE
_toupper$1788                   cstackCOMRAM 00000D
_utoa                           text20       0025BE
_vfpfcnvrt                      text14       000648
_vfpfcnvrt$1119                 cstackCOMRAM 000051
_vfpfcnvrt$1120                 cstackCOMRAM 000053
_vfprintf                       text13       003AD8
_vsnprintf                      text12       00321A
_vsnprintf$1820                 cstackBANK0  000080
_width                          bssBANK0     0000C7
_xtoa                           text15       001C58
_xtoa$1104                      cstackCOMRAM 00002F
_xtoa$1105                      cstackCOMRAM 000031
abs@a                           cstackCOMRAM 000013
atoi@n                          cstackCOMRAM 000015
atoi@neg                        cstackCOMRAM 00000E
atoi@s                          cstackCOMRAM 000008
btemp                           temp         00007E
ctoa@c                          cstackCOMRAM 00001E
ctoa@fp                         cstackCOMRAM 00001C
ctoa@w                          cstackCOMRAM 00001F
dtoa@d                          cstackCOMRAM 00001E
dtoa@fp                         cstackCOMRAM 00001C
dtoa@i                          cstackCOMRAM 00003E
dtoa@n                          cstackCOMRAM 000036
dtoa@p                          cstackCOMRAM 000030
dtoa@s                          cstackCOMRAM 000034
dtoa@w                          cstackCOMRAM 000032
end_of_initialization           cinit        003B92
fputc@c                         cstackCOMRAM 000001
fputc@fp                        cstackCOMRAM 000003
fputs@c                         cstackCOMRAM 00000E
fputs@fp                        cstackCOMRAM 00000C
fputs@i                         cstackCOMRAM 00000F
fputs@s                         cstackCOMRAM 00000A
i2UART_Write@data               cstackCOMRAM 000001
i2_UART_Write                   text41       003FD0
int$flags                       temp         00007E
int_func                        intcode_body 0022A8
intlevel0                       text         000000
intlevel1                       text         000000
intlevel2                       text         000000
intlevel3                       text         000000
isalpha@c                       cstackCOMRAM 000001
isdigit@c                       cstackCOMRAM 000001
islower@c                       cstackCOMRAM 000001
isspace@c                       cstackCOMRAM 000001
isupper@c                       cstackCOMRAM 000001
otoa@d                          cstackCOMRAM 00001E
otoa@fp                         cstackCOMRAM 00001C
otoa@i                          cstackCOMRAM 00003C
otoa@n                          cstackCOMRAM 000034
otoa@p                          cstackCOMRAM 00002E
otoa@t                          cstackCOMRAM 000030
otoa@w                          cstackCOMRAM 000032
pad@buf                         cstackCOMRAM 000013
pad@fp                          cstackCOMRAM 000011
pad@i                           cstackCOMRAM 000018
pad@p                           cstackCOMRAM 000015
pad@w                           cstackCOMRAM 00001A
sendData@data                   cstackBANK0  000098
sendData@data_979               cstackBANK0  0000A2
sendData@data_981               cstackBANK0  0000AC
snprintf@ap                     cstackBANK0  000096
snprintf@fmt                    cstackBANK0  00008E
snprintf@n                      cstackBANK0  00008C
snprintf@ret                    cstackBANK0  000094
snprintf@s                      cstackBANK0  00008A
stackhi                         (abs)        0005EE
stacklo                         (abs)        000133
start                           init         000078
start_initialization            cinit        003B3E
stoa@F1148                      dataBANK0    0000F1
stoa@cp                         cstackCOMRAM 00001A
stoa@fp                         cstackCOMRAM 00000A
stoa@i                          cstackCOMRAM 000016
stoa@l                          cstackCOMRAM 00001E
stoa@nuls                       cstackCOMRAM 00000F
stoa@p                          cstackCOMRAM 00001C
stoa@s                          cstackCOMRAM 00000C
stoa@w                          cstackCOMRAM 000018
strlen@a                        cstackCOMRAM 000005
strlen@s                        cstackCOMRAM 000001
strncmp@_l                      cstackCOMRAM 000001
strncmp@_r                      cstackCOMRAM 000003
strncmp@l                       cstackCOMRAM 000009
strncmp@n                       cstackCOMRAM 000005
strncmp@r                       cstackCOMRAM 00000B
toupper@c                       cstackCOMRAM 000007
ttemp5                          temp         00007F
ttemp6                          temp         000082
ttemp7                          temp         000086
utoa@d                          cstackCOMRAM 00001E
utoa@fp                         cstackCOMRAM 00001C
utoa@i                          cstackCOMRAM 00003A
utoa@n                          cstackCOMRAM 000032
utoa@p                          cstackCOMRAM 00002E
utoa@w                          cstackCOMRAM 000030
vfpfcnvrt@ap                    cstackCOMRAM 000047
vfpfcnvrt@c                     cstackCOMRAM 00005F
vfpfcnvrt@cp                    cstackCOMRAM 00004D
vfpfcnvrt@done                  cstackCOMRAM 00004F
vfpfcnvrt@fmt                   cstackCOMRAM 000045
vfpfcnvrt@fp                    cstackCOMRAM 000043
vfpfcnvrt@ll                    cstackCOMRAM 000055
vfpfcnvrt@llu                   cstackCOMRAM 000060
vfpfcnvrt@vp                    cstackCOMRAM 00005D
vfprintf@ap                     cstackCOMRAM 00006C
vfprintf@cfmt                   cstackCOMRAM 00006E
vfprintf@fmt                    cstackCOMRAM 00006A
vfprintf@fp                     cstackCOMRAM 000068
vsnprintf@ap                    cstackCOMRAM 000076
vsnprintf@cnt                   cstackBANK0  000082
vsnprintf@f                     cstackBANK0  000084
vsnprintf@fmt                   cstackCOMRAM 000074
vsnprintf@n                     cstackCOMRAM 000072
vsnprintf@s                     cstackCOMRAM 000070
wtemp8                          temp         00007F
xtoa@c                          cstackCOMRAM 000041
xtoa@d                          cstackCOMRAM 00001E
xtoa@fp                         cstackCOMRAM 00001C
xtoa@i                          cstackCOMRAM 00003F
xtoa@n                          cstackCOMRAM 000037
xtoa@p                          cstackCOMRAM 000033
xtoa@w                          cstackCOMRAM 000035
xtoa@x                          cstackCOMRAM 000026


FUNCTION INFORMATION:

 *************** function _main *****************
 Defined at:
		line 34 in file "main.c"
 Parameters:    Size  Location     Type
		None
 Auto vars:     Size  Location     Type
		None
 Return value:  Size  Location     Type
                  1    wreg      void 
 Registers used:
		wreg, status,2, status,0, cstack
 Tracked objects:
		On entry : 
		On exit  : 
		Unchanged: 
 Data sizes:     COMRAM   BANK0   BANK1   BANK2   BANK3   BANK4   BANK5
      Params:         0       0       0       0       0       0       0
      Locals:         0       0       0       0       0       0       0
      Temps:          0       0       0       0       0       0       0
      Totals:         0       0       0       0       0       0       0
Total ram usage:        0 bytes
 Hardware stack levels required when called:   16
 This function calls:
		_INTERRUPT_Initialize
		_OSCILLATOR_Initialize
		_UART_Initialize
 This function is called by:
		Startup code after reset
 This function uses a non-reentrant model


 *************** function _UART_Initialize *****************
 Defined at:
		line 7 in file "setting_hardaware/uart.c"
 Parameters:    Size  Location     Type
		None
 Auto vars:     Size  Location     Type
  rate            4   25[BANK1 ] long 
 Return value:  Size  Location     Type
                  1    wreg      void 
 Registers used:
		wreg, status,2, status,0, cstack
 Tracked objects:
		On entry : 
		On exit  : 
		Unchanged: 
 Data sizes:     COMRAM   BANK0   BANK1   BANK2   BANK3   BANK4   BANK5
      Params:         0       0       0       0       0       0       0
      Locals:         0       0       4       0       0       0       0
      Temps:          0       0       0       0       0       0       0
      Totals:         0       0       4       0       0       0       0
Total ram usage:        4 bytes
 Hardware stack levels used:    1
 Hardware stack levels required when called:   15
 This function calls:
		___aldiv
 This function is called by:
		_main
 This function uses a non-reentrant model


 *************** function ___aldiv *****************
 Defined at:
		line 7 in file "C:\Program Files (x86)\Microchip\xc8\v2.00\pic\sources\c99\common\aldiv.c"
 Parameters:    Size  Location     Type
  dividend        4   11[BANK1 ] long 
  divisor         4   15[BANK1 ] long 
 Auto vars:     Size  Location     Type
  quotient        4   21[BANK1 ] long 
  sign            1   20[BANK1 ] unsigned char 
  counter         1   19[BANK1 ] unsigned char 
 Return value:  Size  Location     Type
                  4   11[BANK1 ] long 
 Registers used:
		wreg, status,2, status,0
 Tracked objects:
		On entry : 
		On exit  : 
		Unchanged: 
 Data sizes:     COMRAM   BANK0   BANK1   BANK2   BANK3   BANK4   BANK5
      Params:         0       0       8       0       0       0       0
      Locals:         0       0       6       0       0       0       0
      Temps:          0       0       0       0       0       0       0
      Totals:         0       0      14       0       0       0       0
Total ram usage:       14 bytes
 Hardware stack levels used:    1
 Hardware stack levels required when called:   14
 This function calls:
		Nothing
 This function is called by:
		_UART_Initialize
 This function uses a non-reentrant model


 *************** function _OSCILLATOR_Initialize *****************
 Defined at:
		line 64 in file "setting_hardaware/setting.c"
 Parameters:    Size  Location     Type
		None
 Auto vars:     Size  Location     Type
		None
 Return value:  Size  Location     Type
                  1    wreg      void 
 Registers used:
		None
 Tracked objects:
		On entry : 
		On exit  : 
		Unchanged: 
 Data sizes:     COMRAM   BANK0   BANK1   BANK2   BANK3   BANK4   BANK5
      Params:         0       0       0       0       0       0       0
      Locals:         0       0       0       0       0       0       0
      Temps:          0       0       0       0       0       0       0
      Totals:         0       0       0       0       0       0       0
Total ram usage:        0 bytes
 Hardware stack levels used:    1
 Hardware stack levels required when called:   14
 This function calls:
		Nothing
 This function is called by:
		_main
 This function uses a non-reentrant model


 *************** function _INTERRUPT_Initialize *****************
 Defined at:
		line 3 in file "setting_hardaware/interrupt_manager.c"
 Parameters:    Size  Location     Type
		None
 Auto vars:     Size  Location     Type
		None
 Return value:  Size  Location     Type
                  1    wreg      void 
 Registers used:
		wreg, status,2
 Tracked objects:
		On entry : 
		On exit  : 
		Unchanged: 
 Data sizes:     COMRAM   BANK0   BANK1   BANK2   BANK3   BANK4   BANK5
      Params:         0       0       0       0       0       0       0
      Locals:         0       0       0       0       0       0       0
      Temps:          0       0       0       0       0       0       0
      Totals:         0       0       0       0       0       0       0
Total ram usage:        0 bytes
 Hardware stack levels used:    1
 Hardware stack levels required when called:   14
 This function calls:
		Nothing
 This function is called by:
		_main
 This function uses a non-reentrant model


 *************** function _Lo_ISR *****************
 Defined at:
		line 77 in file "setting_hardaware/uart.c"
 Parameters:    Size  Location     Type
		None
 Auto vars:     Size  Location     Type
		None
 Return value:  Size  Location     Type
                  1    wreg      void 
 Registers used:
		wreg, fsr2l, fsr2h, status,2, status,0, cstack
 Tracked objects:
		On entry : 
		On exit  : 
		Unchanged: 
 Data sizes:     COMRAM   BANK0   BANK1   BANK2   BANK3   BANK4   BANK5
      Params:         0       0       0       0       0       0       0
      Locals:         0       0       0       0       0       0       0
      Temps:          0       0       5       0       0       0       0
      Totals:         0       0       5       0       0       0       0
Total ram usage:        5 bytes
 Hardware stack levels used:    1
 Hardware stack levels required when called:   13
 This function calls:
		_MyusartRead
 This function is called by:
		Interrupt level 1
 This function uses a non-reentrant model


 *************** function _MyusartRead *****************
 Defined at:
		line 63 in file "setting_hardaware/uart.c"
 Parameters:    Size  Location     Type
		None
 Auto vars:     Size  Location     Type
		None
 Return value:  Size  Location     Type
                  1    wreg      void 
 Registers used:
		wreg, fsr2l, fsr2h, status,2, status,0, cstack
 Tracked objects:
		On entry : 
		On exit  : 
		Unchanged: 
 Data sizes:     COMRAM   BANK0   BANK1   BANK2   BANK3   BANK4   BANK5
      Params:         0       0       0       0       0       0       0
      Locals:         0       0       0       0       0       0       0
      Temps:          0       0       0       0       0       0       0
      Totals:         0       0       0       0       0       0       0
Total ram usage:        0 bytes
 Hardware stack levels used:    1
 Hardware stack levels required when called:   12
 This function calls:
		_UART_Write
		___awmod
 This function is called by:
		_Lo_ISR
 This function uses a non-reentrant model


 *************** function ___awmod *****************
 Defined at:
		line 7 in file "C:\Program Files (x86)\Microchip\xc8\v2.00\pic\sources\c99\common\awmod.c"
 Parameters:    Size  Location     Type
  dividend        2    0[BANK1 ] int 
  divisor         2    2[BANK1 ] int 
 Auto vars:     Size  Location     Type
  sign            1    5[BANK1 ] unsigned char 
  counter         1    4[BANK1 ] unsigned char 
 Return value:  Size  Location     Type
                  2    0[BANK1 ] int 
 Registers used:
		wreg, status,2, status,0
 Tracked objects:
		On entry : 
		On exit  : 
		Unchanged: 
 Data sizes:     COMRAM   BANK0   BANK1   BANK2   BANK3   BANK4   BANK5
      Params:         0       0       4       0       0       0       0
      Locals:         0       0       2       0       0       0       0
      Temps:          0       0       0       0       0       0       0
      Totals:         0       0       6       0       0       0       0
Total ram usage:        6 bytes
 Hardware stack levels used:    1
 Hardware stack levels required when called:   11
 This function calls:
		Nothing
 This function is called by:
		_MyusartRead
 This function uses a non-reentrant model


 *************** function _UART_Write *****************
 Defined at:
		line 42 in file "setting_hardaware/uart.c"
 Parameters:    Size  Location     Type
  data            1    wreg     unsigned char 
 Auto vars:     Size  Location     Type
  data            1    0[BANK1 ] unsigned char 
 Return value:  Size  Location     Type
                  1    wreg      void 
 Registers used:
		wreg
 Tracked objects:
		On entry : 
		On exit  : 
		Unchanged: 
 Data sizes:     COMRAM   BANK0   BANK1   BANK2   BANK3   BANK4   BANK5
      Params:         0       0       0       0       0       0       0
      Locals:         0       0       1       0       0       0       0
      Temps:          0       0       0       0       0       0       0
      Totals:         0       0       1       0       0       0       0
Total ram usage:        1 bytes
 Hardware stack levels used:    1
 Hardware stack levels required when called:   11
 This function calls:
		Nothing
 This function is called by:
		_MyusartRead
 This function uses a non-reentrant model


 *************** function _Hi_ISR *****************
 Defined at:
		line 71 in file "main.c"
 Parameters:    Size  Location     Type
		None
 Auto vars:     Size  Location     Type
		None
 Return value:  Size  Location     Type
                  1    wreg      void 
 Registers used:
		wreg, fsr1l, fsr1h, fsr2l, fsr2h, status,2, status,0, tblptrl, tblptrh, tblptru, prodl, prodh, cstack
 Tracked objects:
		On entry : 
		On exit  : 
		Unchanged: 
 Data sizes:     COMRAM   BANK0   BANK1   BANK2   BANK3   BANK4   BANK5
      Params:         0       0       0       0       0       0       0
      Locals:         0       0       0       0       0       0       0
      Temps:          0      13       0       0       0       0       0
      Totals:         0      13       0       0       0       0       0
Total ram usage:       13 bytes
 Hardware stack levels used:    1
 Hardware stack levels required when called:   10
 This function calls:
		___wmul
		_sendData
 This function is called by:
		Interrupt level 2
 This function uses a non-reentrant model


 *************** function _sendData *****************
 Defined at:
		line 124 in file "main.c"
 Parameters:    Size  Location     Type
		None
 Auto vars:     Size  Location     Type
  data           10   44[BANK0 ] unsigned char [10]
  data           10   34[BANK0 ] unsigned char [10]
  data           10   24[BANK0 ] unsigned char [10]
 Return value:  Size  Location     Type
                  1    wreg      void 
 Registers used:
		wreg, fsr1l, fsr1h, fsr2l, fsr2h, status,2, status,0, tblptrl, tblptrh, tblptru, prodl, prodh, cstack
 Tracked objects:
		On entry : 
		On exit  : 
		Unchanged: 
 Data sizes:     COMRAM   BANK0   BANK1   BANK2   BANK3   BANK4   BANK5
      Params:         0       0       0       0       0       0       0
      Locals:         0      30       0       0       0       0       0
      Temps:          0       0       0       0       0       0       0
      Totals:         0      30       0       0       0       0       0
Total ram usage:       30 bytes
 Hardware stack levels used:    1
 Hardware stack levels required when called:    9
 This function calls:
		_ClearBuffer
		_UART_Write_Text
		_snprintf
 This function is called by:
		_Hi_ISR
 This function uses a non-reentrant model


 *************** function _snprintf *****************
 Defined at:
		line 4 in file "C:\Program Files (x86)\Microchip\xc8\v2.00\pic\sources\c99\common\snprintf.c"
 Parameters:    Size  Location     Type
  s               2   10[BANK0 ] PTR unsigned char 
		 -> sendData@data_981(10), sendData@data_979(10), sendData@data(10), 
  n               2   12[BANK0 ] unsigned int 
  fmt             2   14[BANK0 ] PTR const unsigned char 
		 -> STR_3(6), STR_2(6), STR_1(9), 
 Auto vars:     Size  Location     Type
  ap              2   22[BANK0 ] PTR void [1]
		 -> ?_snprintf(2), 
  ret             2   20[BANK0 ] int 
 Return value:  Size  Location     Type
                  2   10[BANK0 ] int 
 Registers used:
		wreg, fsr1l, fsr1h, fsr2l, fsr2h, status,2, status,0, tblptrl, tblptrh, tblptru, prodl, prodh, cstack
 Tracked objects:
		On entry : 
		On exit  : 
		Unchanged: 
 Data sizes:     COMRAM   BANK0   BANK1   BANK2   BANK3   BANK4   BANK5
      Params:         0      10       0       0       0       0       0
      Locals:         0       4       0       0       0       0       0
      Temps:          0       0       0       0       0       0       0
      Totals:         0      14       0       0       0       0       0
Total ram usage:       14 bytes
 Hardware stack levels used:    1
 Hardware stack levels required when called:    8
 This function calls:
		_vsnprintf
 This function is called by:
		_sendData
 This function uses a non-reentrant model


 *************** function _vsnprintf *****************
 Defined at:
		line 11 in file "C:\Program Files (x86)\Microchip\xc8\v2.00\pic\sources\c99\common\nf_vsnprintf.c"
 Parameters:    Size  Location     Type
  s               2  111[COMRAM] PTR unsigned char 
		 -> sendData@data_981(10), sendData@data_979(10), sendData@data(10), 
  n               2  113[COMRAM] unsigned int 
  fmt             2  115[COMRAM] PTR const unsigned char 
		 -> STR_3(6), STR_2(6), STR_1(9), 
  ap              2  117[COMRAM] PTR PTR void 
		 -> snprintf@ap(2), 
 Auto vars:     Size  Location     Type
  f               6    4[BANK0 ] struct _IO_FILE
  cnt             2    2[BANK0 ] int 
 Return value:  Size  Location     Type
                  2  111[COMRAM] int 
 Registers used:
		wreg, fsr1l, fsr1h, fsr2l, fsr2h, status,2, status,0, tblptrl, tblptrh, tblptru, prodl, prodh, cstack
 Tracked objects:
		On entry : 
		On exit  : 
		Unchanged: 
 Data sizes:     COMRAM   BANK0   BANK1   BANK2   BANK3   BANK4   BANK5
      Params:         8       0       0       0       0       0       0
      Locals:         0      10       0       0       0       0       0
      Temps:          4       0       0       0       0       0       0
      Totals:        12      10       0       0       0       0       0
Total ram usage:       22 bytes
 Hardware stack levels used:    1
 Hardware stack levels required when called:    7
 This function calls:
		_vfprintf
 This function is called by:
		_snprintf
 This function uses a non-reentrant model


 *************** function _vfprintf *****************
 Defined at:
		line 1368 in file "C:\Program Files (x86)\Microchip\xc8\v2.00\pic\sources\c99\common\doprnt.c"
 Parameters:    Size  Location     Type
  fp              2  103[COMRAM] PTR struct _IO_FILE
		 -> vsnprintf@f(6), 
  fmt             2  105[COMRAM] PTR const unsigned char 
		 -> STR_3(6), STR_2(6), STR_1(9), 
  ap              2  107[COMRAM] PTR PTR void 
		 -> snprintf@ap(2), 
 Auto vars:     Size  Location     Type
  cfmt            2  109[COMRAM] PTR unsigned char 
		 -> STR_3(6), STR_2(6), STR_1(9), 
 Return value:  Size  Location     Type
                  2  103[COMRAM] int 
 Registers used:
		wreg, fsr1l, fsr1h, fsr2l, fsr2h, status,2, status,0, tblptrl, tblptrh, tblptru, prodl, prodh, cstack
 Tracked objects:
		On entry : 
		On exit  : 
		Unchanged: 
 Data sizes:     COMRAM   BANK0   BANK1   BANK2   BANK3   BANK4   BANK5
      Params:         6       0       0       0       0       0       0
      Locals:         2       0       0       0       0       0       0
      Temps:          0       0       0       0       0       0       0
      Totals:         8       0       0       0       0       0       0
Total ram usage:        8 bytes
 Hardware stack levels used:    1
 Hardware stack levels required when called:    6
 This function calls:
		_vfpfcnvrt
 This function is called by:
		_vsnprintf
 This function uses a non-reentrant model


 *************** function _vfpfcnvrt *****************
 Defined at:
		line 670 in file "C:\Program Files (x86)\Microchip\xc8\v2.00\pic\sources\c99\common\doprnt.c"
 Parameters:    Size  Location     Type
  fp              2   66[COMRAM] PTR struct _IO_FILE
		 -> vsnprintf@f(6), 
  fmt             2   68[COMRAM] PTR PTR unsigned char 
		 -> vfprintf@cfmt(2), 
  ap              2   70[COMRAM] PTR PTR void 
		 -> snprintf@ap(2), 
 Auto vars:     Size  Location     Type
  llu             8   95[COMRAM] unsigned long long 
  ll              8   84[COMRAM] long long 
  f               4    0        long long 
  ct              3    0        unsigned char [3]
  vp              2   92[COMRAM] PTR void 
		 -> ?_snprintf(2), 
  done            2   78[COMRAM] int 
  cp              2   76[COMRAM] PTR unsigned char 
		 -> ?_snprintf(2), 
  i               2    0        int 
  c               1   94[COMRAM] unsigned char 
 Return value:  Size  Location     Type
                  2   66[COMRAM] int 
 Registers used:
		wreg, fsr1l, fsr1h, fsr2l, fsr2h, status,2, status,0, tblptrl, tblptrh, tblptru, prodl, prodh, cstack
 Tracked objects:
		On entry : 
		On exit  : 
		Unchanged: 
 Data sizes:     COMRAM   BANK0   BANK1   BANK2   BANK3   BANK4   BANK5
      Params:         6       0       0       0       0       0       0
      Locals:        27       0       0       0       0       0       0
      Temps:          4       0       0       0       0       0       0
      Totals:        37       0       0       0       0       0       0
Total ram usage:       37 bytes
 Hardware stack levels used:    1
 Hardware stack levels required when called:    5
 This function calls:
		_atoi
		_ctoa
		_dtoa
		_fputc
		_isdigit
		_otoa
		_stoa
		_strncmp
		_utoa
		_xtoa
 This function is called by:
		_vfprintf
 This function uses a non-reentrant model


 *************** function _xtoa *****************
 Defined at:
		line 623 in file "C:\Program Files (x86)\Microchip\xc8\v2.00\pic\sources\c99\common\doprnt.c"
 Parameters:    Size  Location     Type
  fp              2   27[COMRAM] PTR struct _IO_FILE
		 -> vsnprintf@f(6), 
  d               8   29[COMRAM] unsigned long long 
  x               1   37[COMRAM] unsigned char 
 Auto vars:     Size  Location     Type
  n               8   54[COMRAM] unsigned long long 
  c               2   64[COMRAM] int 
  i               2   62[COMRAM] int 
  w               2   52[COMRAM] int 
  p               2   50[COMRAM] int 
 Return value:  Size  Location     Type
                  2   27[COMRAM] int 
 Registers used:
		wreg, fsr1l, fsr1h, fsr2l, fsr2h, status,2, status,0, cstack
 Tracked objects:
		On entry : 
		On exit  : 
		Unchanged: 
 Data sizes:     COMRAM   BANK0   BANK1   BANK2   BANK3   BANK4   BANK5
      Params:        11       0       0       0       0       0       0
      Locals:        20       0       0       0       0       0       0
      Temps:          8       0       0       0       0       0       0
      Totals:        39       0       0       0       0       0       0
Total ram usage:       39 bytes
 Hardware stack levels used:    1
 Hardware stack levels required when called:    4
 This function calls:
		_isalpha
		_isupper
		_pad
		_toupper
 This function is called by:
		_vfpfcnvrt
 This function uses a non-reentrant model


 *************** function _toupper *****************
 Defined at:
		line 4 in file "C:\Program Files (x86)\Microchip\xc8\v2.00\pic\sources\c99\common\toupper.c"
 Parameters:    Size  Location     Type
  c               2    6[COMRAM] int 
 Auto vars:     Size  Location     Type
		None
 Return value:  Size  Location     Type
                  2    6[COMRAM] int 
 Registers used:
		wreg, status,2, status,0, cstack
 Tracked objects:
		On entry : 
		On exit  : 
		Unchanged: 
 Data sizes:     COMRAM   BANK0   BANK1   BANK2   BANK3   BANK4   BANK5
      Params:         2       0       0       0       0       0       0
      Locals:         2       0       0       0       0       0       0
      Temps:          4       0       0       0       0       0       0
      Totals:         8       0       0       0       0       0       0
Total ram usage:        8 bytes
 Hardware stack levels used:    1
 Hardware stack levels required when called:    1
 This function calls:
		_islower
 This function is called by:
		_xtoa
 This function uses a non-reentrant model


 *************** function _islower *****************
 Defined at:
		line 5 in file "C:\Program Files (x86)\Microchip\xc8\v2.00\pic\sources\c99\common\islower.c"
 Parameters:    Size  Location     Type
  c               2    0[COMRAM] int 
 Auto vars:     Size  Location     Type
		None
 Return value:  Size  Location     Type
                  2    0[COMRAM] int 
 Registers used:
		wreg, status,2, status,0
 Tracked objects:
		On entry : 
		On exit  : 
		Unchanged: 
 Data sizes:     COMRAM   BANK0   BANK1   BANK2   BANK3   BANK4   BANK5
      Params:         2       0       0       0       0       0       0
      Locals:         0       0       0       0       0       0       0
      Temps:          4       0       0       0       0       0       0
      Totals:         6       0       0       0       0       0       0
Total ram usage:        6 bytes
 Hardware stack levels used:    1
 This function calls:
		Nothing
 This function is called by:
		_toupper
 This function uses a non-reentrant model


 *************** function _isupper *****************
 Defined at:
		line 5 in file "C:\Program Files (x86)\Microchip\xc8\v2.00\pic\sources\c99\common\isupper.c"
 Parameters:    Size  Location     Type
  c               2    0[COMRAM] int 
 Auto vars:     Size  Location     Type
		None
 Return value:  Size  Location     Type
                  2    0[COMRAM] int 
 Registers used:
		wreg, status,2, status,0
 Tracked objects:
		On entry : 
		On exit  : 
		Unchanged: 
 Data sizes:     COMRAM   BANK0   BANK1   BANK2   BANK3   BANK4   BANK5
      Params:         2       0       0       0       0       0       0
      Locals:         0       0       0       0       0       0       0
      Temps:          4       0       0       0       0       0       0
      Totals:         6       0       0       0       0       0       0
Total ram usage:        6 bytes
 Hardware stack levels used:    1
 This function calls:
		Nothing
 This function is called by:
		_xtoa
 This function uses a non-reentrant model


 *************** function _isalpha *****************
 Defined at:
		line 5 in file "C:\Program Files (x86)\Microchip\xc8\v2.00\pic\sources\c99\common\isalpha.c"
 Parameters:    Size  Location     Type
  c               2    0[COMRAM] int 
 Auto vars:     Size  Location     Type
		None
 Return value:  Size  Location     Type
                  2    0[COMRAM] int 
 Registers used:
		wreg, status,2, status,0
 Tracked objects:
		On entry : 
		On exit  : 
		Unchanged: 
 Data sizes:     COMRAM   BANK0   BANK1   BANK2   BANK3   BANK4   BANK5
      Params:         2       0       0       0       0       0       0
      Locals:         0       0       0       0       0       0       0
      Temps:          4       0       0       0       0       0       0
      Totals:         6       0       0       0       0       0       0
Total ram usage:        6 bytes
 Hardware stack levels used:    1
 This function calls:
		Nothing
 This function is called by:
		_xtoa
 This function uses a non-reentrant model


 *************** function _utoa *****************
 Defined at:
		line 593 in file "C:\Program Files (x86)\Microchip\xc8\v2.00\pic\sources\c99\common\doprnt.c"
 Parameters:    Size  Location     Type
  fp              2   27[COMRAM] PTR struct _IO_FILE
		 -> vsnprintf@f(6), 
  d               8   29[COMRAM] unsigned long long 
 Auto vars:     Size  Location     Type
  n               8   49[COMRAM] unsigned long long 
  i               2   57[COMRAM] int 
  w               2   47[COMRAM] int 
  p               2   45[COMRAM] int 
 Return value:  Size  Location     Type
                  2   27[COMRAM] int 
 Registers used:
		wreg, fsr1l, fsr1h, fsr2l, fsr2h, status,2, status,0, cstack
 Tracked objects:
		On entry : 
		On exit  : 
		Unchanged: 
 Data sizes:     COMRAM   BANK0   BANK1   BANK2   BANK3   BANK4   BANK5
      Params:        10       0       0       0       0       0       0
      Locals:        14       0       0       0       0       0       0
      Temps:          8       0       0       0       0       0       0
      Totals:        32       0       0       0       0       0       0
Total ram usage:       32 bytes
 Hardware stack levels used:    1
 Hardware stack levels required when called:    4
 This function calls:
		___lodiv
		___lomod
		_pad
 This function is called by:
		_vfpfcnvrt
 This function uses a non-reentrant model


 *************** function ___lomod *****************
 Defined at:
		line 9 in file "C:\Program Files (x86)\Microchip\xc8\v2.00\pic\sources\c99\common\lomod.c"
 Parameters:    Size  Location     Type
  dividend        8    0[COMRAM] unsigned long long 
  divisor         8    8[COMRAM] unsigned long long 
 Auto vars:     Size  Location     Type
  counter         1   16[COMRAM] unsigned char 
 Return value:  Size  Location     Type
                  8    0[COMRAM] unsigned long long 
 Registers used:
		wreg, status,2, status,0
 Tracked objects:
		On entry : 
		On exit  : 
		Unchanged: 
 Data sizes:     COMRAM   BANK0   BANK1   BANK2   BANK3   BANK4   BANK5
      Params:        16       0       0       0       0       0       0
      Locals:         1       0       0       0       0       0       0
      Temps:          0       0       0       0       0       0       0
      Totals:        17       0       0       0       0       0       0
Total ram usage:       17 bytes
 Hardware stack levels used:    1
 This function calls:
		Nothing
 This function is called by:
		_utoa
 This function uses a non-reentrant model


 *************** function ___lodiv *****************
 Defined at:
		line 9 in file "C:\Program Files (x86)\Microchip\xc8\v2.00\pic\sources\c99\common\lodiv.c"
 Parameters:    Size  Location     Type
  dividend        8    0[COMRAM] unsigned long long 
  divisor         8    8[COMRAM] unsigned long long 
 Auto vars:     Size  Location     Type
  quotient        8   16[COMRAM] unsigned long long 
  counter         1   24[COMRAM] unsigned char 
 Return value:  Size  Location     Type
                  8    0[COMRAM] unsigned long long 
 Registers used:
		wreg, fsr2l, fsr2h, status,2, status,0
 Tracked objects:
		On entry : 
		On exit  : 
		Unchanged: 
 Data sizes:     COMRAM   BANK0   BANK1   BANK2   BANK3   BANK4   BANK5
      Params:        16       0       0       0       0       0       0
      Locals:         9       0       0       0       0       0       0
[...]
 Tracked objects:
		On entry : 
		On exit  : 
		Unchanged: 
 Data sizes:     COMRAM   BANK0   BANK1   BANK2   BANK3   BANK4   BANK5
      Params:         6       0       0       0       0       0       0
      Locals:         4       0       0       0       0       0       0
      Temps:          1       0       0       0       0       0       0
      Totals:        11       0       0       0       0       0       0
Total ram usage:       11 bytes
 Hardware stack levels used:    1
 Hardware stack levels required when called:    3
 This function calls:
		_fputc
		_fputs
		_strlen
 This function is called by:
		_ctoa
		_dtoa
		_otoa
		_utoa
		_xtoa
 This function uses a non-reentrant model


 *************** function _strlen *****************
 Defined at:
		line 12 in file "C:\Program Files (x86)\Microchip\xc8\v2.00\pic\sources\c99\common\strlen.c"
 Parameters:    Size  Location     Type
  s               2    0[COMRAM] PTR const unsigned char 
		 -> ?_snprintf(2), stoa@nuls(7), dbuf(32), 
 Auto vars:     Size  Location     Type
  a               2    4[COMRAM] PTR const unsigned char 
		 -> ?_snprintf(2), stoa@nuls(7), dbuf(32), 
 Return value:  Size  Location     Type
                  2    0[COMRAM] unsigned int 
 Registers used:
		wreg, fsr2l, fsr2h, status,2, status,0
 Tracked objects:
		On entry : 
		On exit  : 
		Unchanged: 
 Data sizes:     COMRAM   BANK0   BANK1   BANK2   BANK3   BANK4   BANK5
      Params:         2       0       0       0       0       0       0
      Locals:         2       0       0       0       0       0       0
      Temps:          2       0       0       0       0       0       0
      Totals:         6       0       0       0       0       0       0
Total ram usage:        6 bytes
 Hardware stack levels used:    1
 This function calls:
		Nothing
 This function is called by:
		_pad
		_stoa
 This function uses a non-reentrant model


 *************** function _fputs *****************
 Defined at:
		line 8 in file "C:\Program Files (x86)\Microchip\xc8\v2.00\pic\sources\c99\common\nf_fputs.c"
 Parameters:    Size  Location     Type
  s               2    9[COMRAM] PTR const unsigned char 
		 -> dbuf(32), 
  fp              2   11[COMRAM] PTR struct _IO_FILE
		 -> vsnprintf@f(6), 
 Auto vars:     Size  Location     Type
  i               2   14[COMRAM] int 
  c               1   13[COMRAM] unsigned char 
 Return value:  Size  Location     Type
                  2    9[COMRAM] int 
 Registers used:
		wreg, fsr1l, fsr1h, fsr2l, fsr2h, status,2, status,0, cstack
 Tracked objects:
		On entry : 
		On exit  : 
		Unchanged: 
 Data sizes:     COMRAM   BANK0   BANK1   BANK2   BANK3   BANK4   BANK5
      Params:         4       0       0       0       0       0       0
      Locals:         3       0       0       0       0       0       0
      Temps:          0       0       0       0       0       0       0
      Totals:         7       0       0       0       0       0       0
Total ram usage:        7 bytes
 Hardware stack levels used:    1
 Hardware stack levels required when called:    2
 This function calls:
		_fputc
 This function is called by:
		_pad
 This function uses a non-reentrant model


 *************** function _fputc *****************
 Defined at:
		line 8 in file "C:\Program Files (x86)\Microchip\xc8\v2.00\pic\sources\c99\common\nf_fputc.c"
 Parameters:    Size  Location     Type
  c               2    0[COMRAM] int 
  fp              2    2[COMRAM] PTR struct _IO_FILE
		 -> vsnprintf@f(6), 
 Auto vars:     Size  Location     Type
		None
 Return value:  Size  Location     Type
                  2    0[COMRAM] int 
 Registers used:
		wreg, fsr1l, fsr1h, fsr2l, fsr2h, status,2, status,0, cstack
 Tracked objects:
		On entry : 
		On exit  : 
		Unchanged: 
 Data sizes:     COMRAM   BANK0   BANK1   BANK2   BANK3   BANK4   BANK5
      Params:         4       0       0       0       0       0       0
      Locals:         0       0       0       0       0       0       0
      Temps:          5       0       0       0       0       0       0
      Totals:         9       0       0       0       0       0       0
Total ram usage:        9 bytes
 Hardware stack levels used:    1
 Hardware stack levels required when called:    1
 This function calls:
		_putch
 This function is called by:
		_pad
		_stoa
		_vfpfcnvrt
		_fputs
 This function uses a non-reentrant model


 *************** function _putch *****************
 Defined at:
		line 7 in file "C:\Program Files (x86)\Microchip\xc8\v2.00\pic\sources\c99\common\putch.c"
 Parameters:    Size  Location     Type
  c               1    wreg     unsigned char 
 Auto vars:     Size  Location     Type
  c               1    0[COMRAM] unsigned char 
 Return value:  Size  Location     Type
                  1    wreg      void 
 Registers used:
		wreg
 Tracked objects:
		On entry : 
		On exit  : 
		Unchanged: 
 Data sizes:     COMRAM   BANK0   BANK1   BANK2   BANK3   BANK4   BANK5
      Params:         0       0       0       0       0       0       0
      Locals:         0       0       0       0       0       0       0
      Temps:          0       0       0       0       0       0       0
      Totals:         0       0       0       0       0       0       0
Total ram usage:        0 bytes
 Hardware stack levels used:    1
 This function calls:
		Nothing
 This function is called by:
		_fputc
 This function uses a non-reentrant model


 *************** function _atoi *****************
 Defined at:
		line 4 in file "C:\Program Files (x86)\Microchip\xc8\v2.00\pic\sources\c99\common\atoi.c"
 Parameters:    Size  Location     Type
  s               2    7[COMRAM] PTR const unsigned char 
		 -> STR_3(6), STR_2(6), STR_1(9), 
 Auto vars:     Size  Location     Type
  n               2   20[COMRAM] int 
  neg             2   13[COMRAM] int 
 Return value:  Size  Location     Type
                  2    7[COMRAM] int 
 Registers used:
		wreg, status,2, status,0, tblptrl, tblptrh, tblptru, prodl, prodh, cstack
 Tracked objects:
		On entry : 
		On exit  : 
		Unchanged: 
 Data sizes:     COMRAM   BANK0   BANK1   BANK2   BANK3   BANK4   BANK5
      Params:         2       0       0       0       0       0       0
      Locals:         9       0       0       0       0       0       0
      Temps:          4       0       0       0       0       0       0
      Totals:        15       0       0       0       0       0       0
Total ram usage:       15 bytes
 Hardware stack levels used:    1
 Hardware stack levels required when called:    1
 This function calls:
		___wmul
		_isdigit
		_isspace
 This function is called by:
		_vfpfcnvrt
 This function uses a non-reentrant model


 *************** function _isspace *****************
 Defined at:
		line 5 in file "C:\Program Files (x86)\Microchip\xc8\v2.00\pic\sources\c99\common\isspace.c"
 Parameters:    Size  Location     Type
  c               2    0[COMRAM] int 
 Auto vars:     Size  Location     Type
		None
 Return value:  Size  Location     Type
                  2    0[COMRAM] int 
 Registers used:
		wreg, status,2, status,0
 Tracked objects:
		On entry : 
		On exit  : 
		Unchanged: 
 Data sizes:     COMRAM   BANK0   BANK1   BANK2   BANK3   BANK4   BANK5
      Params:         2       0       0       0       0       0       0
      Locals:         1       0       0       0       0       0       0
      Temps:          4       0       0       0       0       0       0
      Totals:         7       0       0       0       0       0       0
Total ram usage:        7 bytes
 Hardware stack levels used:    1
 This function calls:
		Nothing
 This function is called by:
		_atoi
 This function uses a non-reentrant model


 *************** function _isdigit *****************
 Defined at:
		line 5 in file "C:\Program Files (x86)\Microchip\xc8\v2.00\pic\sources\c99\common\isdigit.c"
 Parameters:    Size  Location     Type
  c               2    0[COMRAM] int 
 Auto vars:     Size  Location     Type
		None
 Return value:  Size  Location     Type
                  2    0[COMRAM] int 
 Registers used:
		wreg, status,2, status,0
 Tracked objects:
		On entry : 
		On exit  : 
		Unchanged: 
 Data sizes:     COMRAM   BANK0   BANK1   BANK2   BANK3   BANK4   BANK5
      Params:         2       0       0       0       0       0       0
      Locals:         0       0       0       0       0       0       0
      Temps:          4       0       0       0       0       0       0
      Totals:         6       0       0       0       0       0       0
Total ram usage:        6 bytes
 Hardware stack levels used:    1
 This function calls:
		Nothing
 This function is called by:
		_vfpfcnvrt
		_atoi
 This function uses a non-reentrant model


 *************** function ___wmul *****************
 Defined at:
		line 15 in file "C:\Program Files (x86)\Microchip\xc8\v2.00\pic\sources\c99\common\Umul16.c"
 Parameters:    Size  Location     Type
  multiplier      2    0[COMRAM] unsigned int 
  multiplicand    2    2[COMRAM] unsigned int 
 Auto vars:     Size  Location     Type
  product         2    4[COMRAM] unsigned int 
 Return value:  Size  Location     Type
                  2    0[COMRAM] unsigned int 
 Registers used:
		wreg, status,2, status,0, prodl, prodh
 Tracked objects:
		On entry : 
		On exit  : 
		Unchanged: 
 Data sizes:     COMRAM   BANK0   BANK1   BANK2   BANK3   BANK4   BANK5
      Params:         4       0       0       0       0       0       0
      Locals:         2       0       0       0       0       0       0
      Temps:          0       0       0       0       0       0       0
      Totals:         6       0       0       0       0       0       0
Total ram usage:        6 bytes
 Hardware stack levels used:    1
 This function calls:
		Nothing
 This function is called by:
		_Hi_ISR
		_atoi
 This function uses a non-reentrant model


 *************** function _UART_Write_Text *****************
 Defined at:
		line 52 in file "setting_hardaware/uart.c"
 Parameters:    Size  Location     Type
  text            2    1[COMRAM] PTR unsigned char 
		 -> sendData@data_981(10), sendData@data_979(10), sendData@data(10), 
 Auto vars:     Size  Location     Type
  i               2    3[COMRAM] int 
 Return value:  Size  Location     Type
                  1    wreg      void 
 Registers used:
		wreg, fsr2l, fsr2h, status,2, status,0, cstack
 Tracked objects:
		On entry : 
		On exit  : 
		Unchanged: 
 Data sizes:     COMRAM   BANK0   BANK1   BANK2   BANK3   BANK4   BANK5
      Params:         2       0       0       0       0       0       0
      Locals:         2       0       0       0       0       0       0
      Temps:          0       0       0       0       0       0       0
      Totals:         4       0       0       0       0       0       0
Total ram usage:        4 bytes
 Hardware stack levels used:    1
 Hardware stack levels required when called:    1
 This function calls:
		i2_UART_Write
 This function is called by:
		_sendData
 This function uses a non-reentrant model


 *************** function i2_UART_Write *****************
 Defined at:
		line 42 in file "setting_hardaware/uart.c"
 Parameters:    Size  Location     Type
  data            1    wreg     unsigned char 
 Auto vars:     Size  Location     Type
  data            1    0[COMRAM] unsigned char 
 Return value:  Size  Location     Type
                  1    wreg      void 
 Registers used:
		wreg
 Tracked objects:
		On entry : 
		On exit  : 
		Unchanged: 
 Data sizes:     COMRAM   BANK0   BANK1   BANK2   BANK3   BANK4   BANK5
      Params:         0       0       0       0       0       0       0
      Locals:         1       0       0       0       0       0       0
      Temps:          0       0       0       0       0       0       0
      Totals:         1       0       0       0       0       0       0
Total ram usage:        1 bytes
 Hardware stack levels used:    1
 This function calls:
		Nothing
 This function is called by:
		_UART_Write_Text
 This function uses a non-reentrant model


 *************** function _ClearBuffer *****************
 Defined at:
		line 57 in file "setting_hardaware/uart.c"
 Parameters:    Size  Location     Type
		None
 Auto vars:     Size  Location     Type
  i               2    0[COMRAM] int 
 Return value:  Size  Location     Type
                  1    wreg      void 
 Registers used:
		wreg, fsr2l, fsr2h, status,2, status,0
 Tracked objects:
		On entry : 
		On exit  : 
		Unchanged: 
 Data sizes:     COMRAM   BANK0   BANK1   BANK2   BANK3   BANK4   BANK5
      Params:         0       0       0       0       0       0       0
      Locals:         2       0       0       0       0       0       0
      Temps:          0       0       0       0       0       0       0
      Totals:         2       0       0       0       0       0       0
Total ram usage:        2 bytes
 Hardware stack levels used:    1
 This function calls:
		Nothing
 This function is called by:
		_sendData
 This function uses a non-reentrant model



MODULE INFORMATION

Module		Function		Class		Link	Load	Size
C:\Program Files (x86)\Microchip\xc8\v2.00\pic\sources\c99\common\isspace.c
		_isspace       		CODE           	3C60	0000	91

C:\Program Files (x86)\Microchip\xc8\v2.00\pic\sources\c99\common\isspace.c estimated size: 91

C:\Program Files (x86)\Microchip\xc8\v2.00\pic\sources\c99\common\strncmp.c
		_strncmp       		CODE           	3446	0000	257

C:\Program Files (x86)\Microchip\xc8\v2.00\pic\sources\c99\common\strncmp.c estimated size: 257

setting_hardaware/interrupt_manager.c
		_INTERRUPT_Initialize		CODE           	3F8A	0000	39

setting_hardaware/interrupt_manager.c estimated size: 39

C:\Program Files (x86)\Microchip\xc8\v2.00\pic\sources\c99\common\lomod.c
		___lomod       		CODE           	3546	0000	229

C:\Program Files (x86)\Microchip\xc8\v2.00\pic\sources\c99\common\lomod.c estimated size: 229

C:\Program Files (x86)\Microchip\xc8\v2.00\pic\sources\c99\common\aomod.c
		___aomod       		CODE           	2F58	0000	397

C:\Program Files (x86)\Microchip\xc8\v2.00\pic\sources\c99\common\aomod.c estimated size: 397

C:\Program Files (x86)\Microchip\xc8\v2.00\pic\sources\c99\common\isalpha.c
		_isalpha       		CODE           	3E30	0000	65

C:\Program Files (x86)\Microchip\xc8\v2.00\pic\sources\c99\common\isalpha.c estimated size: 65

C:\Program Files (x86)\Microchip\xc8\v2.00\pic\sources\c99\common\nf_vsnprintf.c
		_vsnprintf     		CODE           	321A	0000	297

C:\Program Files (x86)\Microchip\xc8\v2.00\pic\sources\c99\common\nf_vsnprintf.c estimated size: 297

C:\Program Files (x86)\Microchip\xc8\v2.00\pic\sources\c99\common\snprintf.c
		_snprintf      		CODE           	3E70	0000	61

C:\Program Files (x86)\Microchip\xc8\v2.00\pic\sources\c99\common\snprintf.c estimated size: 61

setting_hardaware/uart.c
		_Lo_ISR        		CODE           	0018	0000	97
		_MyusartRead   		CODE           	3D0C	0000	77
		_UART_Write_Text		CODE           	3DA4	0000	73
		_ClearBuffer   		CODE           	3A6C	0000	109
		_UART_Initialize		CODE           	3C02	0000	95
		_UART_Write    		CODE           	3FB0	0000	33

setting_hardaware/uart.c estimated size: 484

C:\Program Files (x86)\Microchip\xc8\v2.00\pic\sources\c99\common\awmod.c
		___awmod       		CODE           	3708	0000	219

C:\Program Files (x86)\Microchip\xc8\v2.00\pic\sources\c99\common\awmod.c estimated size: 219

C:\Program Files (x86)\Microchip\xc8\v2.00\pic\sources\c99\common\putch.c
		_putch         		CODE           	4002	0000	3

C:\Program Files (x86)\Microchip\xc8\v2.00\pic\sources\c99\common\putch.c estimated size: 3

C:\Program Files (x86)\Microchip\xc8\v2.00\pic\sources\c99\common\strlen.c
		_strlen        		CODE           	3CBA	0000	83

C:\Program Files (x86)\Microchip\xc8\v2.00\pic\sources\c99\common\strlen.c estimated size: 83

C:\Program Files (x86)\Microchip\xc8\v2.00\pic\sources\c99\common\nf_fputc.c
		_fputc         		CODE           	362A	0000	223

C:\Program Files (x86)\Microchip\xc8\v2.00\pic\sources\c99\common\nf_fputc.c estimated size: 223

C:\Program Files (x86)\Microchip\xc8\v2.00\pic\sources\c99\common\abs.c
		_abs           		CODE           	3DEC	0000	69

C:\Program Files (x86)\Microchip\xc8\v2.00\pic\sources\c99\common\abs.c estimated size: 69

C:\Program Files (x86)\Microchip\xc8\v2.00\pic\sources\c99\common\lodiv.c
		___lodiv       		CODE           	3342	0000	261

C:\Program Files (x86)\Microchip\xc8\v2.00\pic\sources\c99\common\lodiv.c estimated size: 261

C:\Program Files (x86)\Microchip\xc8\v2.00\pic\sources\c99\common\aodiv.c
		___aodiv       		CODE           	2BFE	0000	433

C:\Program Files (x86)\Microchip\xc8\v2.00\pic\sources\c99\common\aodiv.c estimated size: 433

C:\Program Files (x86)\Microchip\xc8\v2.00\pic\sources\c99\common\isdigit.c
		_isdigit       		CODE           	3F24	0000	61

C:\Program Files (x86)\Microchip\xc8\v2.00\pic\sources\c99\common\isdigit.c estimated size: 61

C:\Program Files (x86)\Microchip\xc8\v2.00\pic\sources\c99\common\doprnt.c
		_vfpfcnvrt     		CODE           	0648	0000	5649
		_pad           		CODE           	37E2	0000	211
		_ctoa          		CODE           	3BA0	0000	99
		_dtoa          		CODE           	1F8E	0000	795
		_vfprintf      		CODE           	3AD8	0000	103
		_otoa          		CODE           	27E2	0000	527
		_stoa          		CODE           	2DAE	0000	427
		_utoa          		CODE           	25BE	0000	549
		_xtoa          		CODE           	1C58	0000	823

C:\Program Files (x86)\Microchip\xc8\v2.00\pic\sources\c99\common\doprnt.c estimated size: 9183

shared
		i2_UART_Write  		CODE           	3FD0	0000	31
		__initialization		CODE           	3B3E	0000	85

shared estimated size: 116

C:\Program Files (x86)\Microchip\xc8\v2.00\pic\sources\c99\common\aldiv.c
		___aldiv       		CODE           	30E4	0000	311

C:\Program Files (x86)\Microchip\xc8\v2.00\pic\sources\c99\common\aldiv.c estimated size: 311

setting_hardaware/setting.c
		_OSCILLATOR_Initialize		CODE           	3FEE	0000	11

setting_hardaware/setting.c estimated size: 11

C:\Program Files (x86)\Microchip\xc8\v2.00\pic\sources\c99\common\atoi.c
		_atoi          		CODE           	29F0	0000	527

C:\Program Files (x86)\Microchip\xc8\v2.00\pic\sources\c99\common\atoi.c estimated size: 527

C:\Program Files (x86)\Microchip\xc8\v2.00\pic\sources\c99\common\islower.c
		_islower       		CODE           	3EAC	0000	61

C:\Program Files (x86)\Microchip\xc8\v2.00\pic\sources\c99\common\islower.c estimated size: 61

C:\Program Files (x86)\Microchip\xc8\v2.00\pic\sources\c99\common\Umul16.c
		___wmul        		CODE           	3F60	0000	43

C:\Program Files (x86)\Microchip\xc8\v2.00\pic\sources\c99\common\Umul16.c estimated size: 43

main.c
		_main          		CODE           	396C	0000	131
		_sendData      		CODE           	38B4	0000	185
		_Hi_ISR        		CODE           	0008	0000	797

main.c estimated size: 1113

C:\Program Files (x86)\Microchip\xc8\v2.00\pic\sources\c99\common\nf_fputs.c
		_fputs         		CODE           	3D58	0000	77

C:\Program Files (x86)\Microchip\xc8\v2.00\pic\sources\c99\common\nf_fputs.c estimated size: 77

C:\Program Files (x86)\Microchip\xc8\v2.00\pic\sources\c99\common\isupper.c
		_isupper       		CODE           	3EE8	0000	61

C:\Program Files (x86)\Microchip\xc8\v2.00\pic\sources\c99\common\isupper.c estimated size: 61

C:\Program Files (x86)\Microchip\xc8\v2.00\pic\sources\c99\common\toupper.c
		_toupper       		CODE           	39EE	0000	127

C:\Program Files (x86)\Microchip\xc8\v2.00\pic\sources\c99\common\toupper.c estimated size: 127

