MPLINK 5.09, LINKER
Linker Map File - Created Mon Oct 22 18:42:09 2018

                                 Section Info
                  Section       Type    Address   Location Size(Bytes)
                ---------  ---------  ---------  ---------  ---------
                   .org_0       code   0x000000    program   0x000042
                   .cinit    romdata   0x000042    program   0x000002
.config_300001_BUILD/DEFAULT/DEBUG/NEWASMTEMPLA    romdata   0x300001    program   0x000001
.config_300003_BUILD/DEFAULT/DEBUG/NEWASMTEMPLA    romdata   0x300003    program   0x000001



                              Program Memory Usage 
                               Start         End      
                           ---------   ---------      
                            0x000000    0x000043      
                            0x300001    0x300001      
                            0x300003    0x300003      
            70 out of 33048 program addresses used, program memory utilization is 0%



                              Symbols - Sorted by Name
                     Name    Address   Location    Storage File                     
                ---------  ---------  ---------  --------- ---------                
                      Fib   0x00001e    program     static C:\Users\Divik\MPLABXProjects\LAB4.X\newAsmTemplate1.asm
                  Initial   0x000000    program     static C:\Users\Divik\MPLABXProjects\LAB4.X\newAsmTemplate1.asm
                   finish   0x000042    program     static C:\Users\Divik\MPLABXProjects\LAB4.X\newAsmTemplate1.asm



                              Symbols - Sorted by Address
                     Name    Address   Location    Storage File                     
                ---------  ---------  ---------  --------- ---------                
                  Initial   0x000000    program     static C:\Users\Divik\MPLABXProjects\LAB4.X\newAsmTemplate1.asm
                      Fib   0x00001e    program     static C:\Users\Divik\MPLABXProjects\LAB4.X\newAsmTemplate1.asm
                   finish   0x000042    program     static C:\Users\Divik\MPLABXProjects\LAB4.X\newAsmTemplate1.asm


