Microchip MPLAB XC8 Compiler V2.00 ()

Linker command line:

-W-3 --edf=C:\Program Files (x86)\Microchip\xc8\v2.00\pic\dat\en_msgs.txt \
  -cs -h+dist/default/production\downstair.X.production.sym \
  --cmf=dist/default/production\downstair.X.production.cmf -z -Q18F4520 \
  -oC:\Users\Divik\AppData\Local\Temp\s8t8.2 --defsym=__MPLAB_BUILD=1 \
  -Mdist/default/production/downstair.X.production.map -E1 -ver=XC8 \
  --acfsm=1493 -ASTACK=016Dh-05ffh -pstack=STACK -ACODE=00h-07FFFh \
  -ACONST=00h-07FFFh -ASMALLCONST=0600h-06FFhx122 \
  -AMEDIUMCONST=0600h-07FFFh -ACOMRAM=01h-07Fh -AABS1=00h-05FFh \
  -ABIGRAM=01h-05FFh -ARAM=080h-0FFh,0100h-01FFhx5 -ABANK0=080h-0FFh \
  -ABANK1=0100h-01FFh -ABANK2=0200h-02FFh -ABANK3=0300h-03FFh \
  -ABANK4=0400h-04FFh -ABANK5=0500h-05FFh -ASFR=0F80h-0FFFh \
  -preset_vec=00h,intcode=08h,intcodelo=018h,powerup,init -pramtop=0600h \
  -psmallconst=SMALLCONST -pmediumconst=MEDIUMCONST -pconst=CONST \
  -AFARRAM=00h-00h -ACONFIG=0300000h-030000Dh -pconfig=CONFIG \
  -AIDLOC=0200000h-0200007h -pidloc=IDLOC -AEEDATA=0F00000h-0F000FFh \
  -peeprom_data=EEDATA \
  -prdata=COMRAM,nvrram=COMRAM,nvbit=COMRAM,rbss=COMRAM,rbit=COMRAM \
  -pfarbss=FARRAM,fardata=FARRAM,nvFARRAM=FARRAM \
  -pintsave_regs=BIGRAM,bigbss=BIGRAM,bigdata=BIGRAM -pbss=RAM \
  -pidata=CODE,irdata=CODE,ibigdata=CODE,ifardata=CODE -prparam=COMRAM \
  C:\Users\Divik\AppData\Local\Temp\s8t8.o \
  dist/default/production\downstair.X.production.o 

Object code version is 3.11

Machine type is 18F4520

Call graph: (short form)




                Name                               Link     Load   Length Selector   Space Scale
C:\Users\Divik\AppData\Local\Temp\s8t8.o
                init                                 78       78        4        C       0
                reset_vec                             0        0        4        0       0
                idloc                            200000   200000        8   200000       0
                config                           300000   300000        E   300000       0
dist/default/production\downstair.X.production.o
                intcodelo                            18       18       60        C       0
                intcode                               8        8        6        4       0
                temp                                 7E       7E        1        1       1
                smallconst                          600      600       46      300       0
                text51                             42D4     42D4       6A      323       0
                text50                             4268     4268       6C      323       0
                text49                             4836     4836       1E      323       0
                text48                             460A     460A       48      323       0
                text47                             47C6     47C6       2A      323       0
                text46                             478A     478A       3C      323       0
                text45                             44C6     44C6       5A      323       0
                text44                             2AD2     2AD2      20E      323       0
                text43                             4868     4868        2     2434       0
                text42                             3B12     3B12       DE      323       0
                text41                             45BE     45BE       4C      323       0
                text40                             4520     4520       52      323       0
                text39                             3E7C     3E7C       D2      323       0
                text38                             4406     4406       62      323       0
                text37                             2CE0     2CE0      1B0      323       0
                text36                             303A     303A      18C      323       0
                text35                             4652     4652       44      323       0
                text34                             2386     2386      31A      323       0
                text33                             28C4     28C4      20E      323       0
                text32                             2E90     2E90      1AA      323       0
                text31                             3768     3768      100      323       0
                text30                             3664     3664      104      323       0
                text29                             394C     394C       E4      323       0
                text28                             26A0     26A0      224      323       0
                text27                             4696     4696       40      323       0
                text26                             474E     474E       3C      323       0
                text25                             4712     4712       3C      323       0
                text24                             41EA     41EA       7E      323       0
                text23                             2050     2050      336      323       0
                text22                              646      646     1610      323       0
                text21                             433E     433E       66      323       0
                text20                             3428     3428      128      323       0
                text19                             46D6     46D6       3C      323       0
                text18                             32FC     32FC      12C      323       0
                text17                             3DA4     3DA4       D8      323       0
                text16                             40A0     40A0       A6      323       0
                text15                             3A30     3A30       E2      323       0
                text14                             4146     4146       A4      323       0
                intcode_body                       1C56     1C56      3FA      323       0
                text12                             4816     4816       20      323       0
                text11                             3CCA     3CCA       DA      323       0
                text10                             4572     4572       4C      323       0
                text8                              47F0     47F0       26      323       0
                text7                              4854     4854        A      323       0
                text6                              31C6     31C6      136      323       0
                text5                              4468     4468       5E      323       0
                text4                              3BF0     3BF0       DA      323       0
                text3                              3FF8     3FF8       A8      323       0
                text2                              3868     3868       E4      323       0
                text1                              3F4E     3F4E       AA      323       0
                text0                              3550     3550      114      323       0
                cstackCOMRAM                          1        1       7B        1       1
                cstackBANK0                          80       80       4A       80       1
                cstackBANK1                         100      100       3F      100       1
                dataBANK1                           16B      16B        2      100       1
                bssBANK1                            13F      13F       2C      100       1
                dataBANK0                            F6       F6        7       80       1
                bssBANK0                             CA       CA       2C       80       1
                bssCOMRAM                            7C       7C        2        1       1
                cinit                              43A4     43A4       62      323       0
                idataBANK1                         4865     4865        2      323       0
                idataBANK0                         485E     485E        7      323       0

TOTAL           Name                               Link     Load   Length     Space
        CLASS   STACK          

        CLASS   CODE           
                intcodelo                            18       18       60         0
                intcode                               8        8        6         0
                init                                 78       78        4         0
                reset_vec                             0        0        4         0
                text51                             42D4     42D4       6A         0
                text50                             4268     4268       6C         0
                text49                             4836     4836       1E         0
                text48                             460A     460A       48         0
                text47                             47C6     47C6       2A         0
                text46                             478A     478A       3C         0
                text45                             44C6     44C6       5A         0
                text44                             2AD2     2AD2      20E         0
                text43                             4868     4868        2         0
                text42                             3B12     3B12       DE         0
                text41                             45BE     45BE       4C         0
                text40                             4520     4520       52         0
                text39                             3E7C     3E7C       D2         0
                text38                             4406     4406       62         0
                text37                             2CE0     2CE0      1B0         0
                text36                             303A     303A      18C         0
                text35                             4652     4652       44         0
                text34                             2386     2386      31A         0
                text33                             28C4     28C4      20E         0
                text32                             2E90     2E90      1AA         0
                text31                             3768     3768      100         0
                text30                             3664     3664      104         0
                text29                             394C     394C       E4         0
                text28                             26A0     26A0      224         0
                text27                             4696     4696       40         0
                text26                             474E     474E       3C         0
                text25                             4712     4712       3C         0
                text24                             41EA     41EA       7E         0
                text23                             2050     2050      336         0
                text22                              646      646     1610         0
                text21                             433E     433E       66         0
                text20                             3428     3428      128         0
                text19                             46D6     46D6       3C         0
                text18                             32FC     32FC      12C         0
                text17                             3DA4     3DA4       D8         0
                text16                             40A0     40A0       A6         0
                text15                             3A30     3A30       E2         0
                text14                             4146     4146       A4         0
                intcode_body                       1C56     1C56      3FA         0
                text12                             4816     4816       20         0
                text11                             3CCA     3CCA       DA         0
                text10                             4572     4572       4C         0
                text8                              47F0     47F0       26         0
                text7                              4854     4854        A         0
                text6                              31C6     31C6      136         0
                text5                              4468     4468       5E         0
                text4                              3BF0     3BF0       DA         0
                text3                              3FF8     3FF8       A8         0
                text2                              3868     3868       E4         0
                text1                              3F4E     3F4E       AA         0
                text0                              3550     3550      114         0
                cinit                              43A4     43A4       62         0
                idataBANK1                         4865     4865        2         0
                idataBANK0                         485E     485E        7         0

        CLASS   CONST          

        CLASS   SMALLCONST     
                smallconst                          600      600       46         0

        CLASS   MEDIUMCONST    

        CLASS   COMRAM         
                temp                                 7E       7E        1         1
                cstackCOMRAM                          1        1       7B         1
                bssCOMRAM                            7C       7C        2         1

        CLASS   ABS1           

        CLASS   BIGRAM         

        CLASS   RAM            

        CLASS   BANK0          
                cstackBANK0                          80       80       4A         1
                dataBANK0                            F6       F6        7         1
                bssBANK0                             CA       CA       2C         1

        CLASS   BANK1          
                cstackBANK1                         100      100       3F         1
                dataBANK1                           16B      16B        2         1
                bssBANK1                            13F      13F       2C         1

        CLASS   BANK2          

        CLASS   BANK3          

        CLASS   BANK4          

        CLASS   BANK5          

        CLASS   SFR            

        CLASS   FARRAM         

        CLASS   CONFIG         
                config                           300000   300000        E         0

        CLASS   IDLOC          
                idloc                            200000   200000        8         0

        CLASS   EEDATA         



SEGMENTS        Name                           Load    Length   Top    Selector   Space  Class

                reset_vec                      000000  000004  000004         0       0  CODE    
                cstackCOMRAM                   000001  00007E  00007F         1       1  COMRAM  
                intcode                        000008  000006  00000E         4       0  CODE    
                intcodelo                      000018  000064  00007C         C       0  CODE    
                cstackBANK0                    000080  00007D  0000FD        80       1  BANK0   
                cstackBANK1                    000100  00006D  00016D       100       1  BANK1   
                smallconst                     000600  000046  000646       300       0  SMALLCON
                text22                         000646  004221  004867       323       0  CODE    
                text43                         004868  000002  00486A      2434       0  CODE    
                idloc                          200000  000008  200008    200000       0  IDLOC   
                config                         300000  00000E  30000E    300000       0  CONFIG  


UNUSED ADDRESS RANGES

        Name                Unused          Largest block    Delta
        BANK0            0000FD-0000FF                3
        BANK1            00016D-0001FF               93
        BANK2            000200-0002FF              100
        BANK3            000300-0003FF              100
        BANK4            000400-0004FF              100
        BANK5            000500-0005FF              100
        BIGRAM           00007F-00007F                1
                         0000FD-0000FF                3
                         00016D-0005FF              493
        CODE             000004-000007                4
                         00000E-000017                A
                         00007C-0005FF              584
                         004867-004867                1
                         00486A-007FFF             3796
        COMRAM           00007F-00007F                1
        CONST            000004-000007                4
                         00000E-000017                A
                         00007C-0005FF              584
                         004867-004867                1
                         00486A-007FFF             3796
        EEDATA           F00000-F000FF              100
        MEDIUMCONST      004867-004867                1
                         00486A-007FFF             3796
        RAM              0000FD-0000FF                3
                         00016D-0005FF              100
        SFR              000F80-000FFF               80
        SMALLCONST       004867-004867                1
                         00486A-007FFF              100
        STACK            00016D-0005FF              493

                                  Symbol Table

?___aldiv                       cstackBANK1  00010B
?___aodiv                       cstackCOMRAM 000001
?___aomod                       cstackCOMRAM 000001
?___awmod                       cstackBANK1  00012D
?___lodiv                       cstackCOMRAM 000001
?___lomod                       cstackCOMRAM 000001
?___omul                        cstackBANK1  00010B
?___wmul                        cstackCOMRAM 000001
?_abs                           cstackCOMRAM 000013
?_atoi                          cstackCOMRAM 000008
?_ctoa                          cstackCOMRAM 00001C
?_dtoa                          cstackCOMRAM 00001C
?_isalpha                       cstackCOMRAM 000001
?_isdigit                       cstackCOMRAM 000001
?_islower                       cstackCOMRAM 000001
?_isspace                       cstackCOMRAM 000001
?_isupper                       cstackCOMRAM 000001
?_otoa                          cstackCOMRAM 00001C
?_pad                           cstackCOMRAM 000011
?_rand                          cstackBANK1  000123
?_snprintf                      cstackBANK0  00008A
?_stoa                          cstackCOMRAM 00000A
?_strlen                        cstackCOMRAM 000001
?_strncmp                       cstackCOMRAM 000001
?_toupper                       cstackCOMRAM 000007
?_utoa                          cstackCOMRAM 00001C
?_vfpfcnvrt                     cstackCOMRAM 000043
?_vfprintf                      cstackCOMRAM 000068
?_vsnprintf                     cstackCOMRAM 000070
?_xtoa                          cstackCOMRAM 00001C
?i1___awmod                     cstackBANK1  000100
?i2___awmod                     cstackCOMRAM 000023
?i2___omul                      cstackCOMRAM 000001
?i2_rand                        cstackCOMRAM 000019
ClearBuffer@i                   cstackCOMRAM 000001
Hi_ISR@i                        cstackBANK0  0000C8
Hi_ISR@i_984                    cstackBANK0  0000C6
UART_Initialize@rate            cstackBANK1  000119
UART_Write@data                 cstackBANK1  000100
UART_Write_Text@i               cstackCOMRAM 000004
UART_Write_Text@text            cstackCOMRAM 000002
_BAUDCONbits                    (abs)        000FB8
_CREN                           (abs)        007D5C
_ClearBuffer                    text50       004268
_Hi_ISR                         intcode      000008
_INTCON2bits                    (abs)        000FF1
_INTCONbits                     (abs)        000FF2
_INTERRUPT_Initialize           text8        0047F0
_IPR1bits                       (abs)        000F9F
_IRCF0                          (abs)        007E9C
_IRCF1                          (abs)        007E9D
_IRCF2                          (abs)        007E9E
_LATC                           (abs)        000F8B
_LATDbits                       (abs)        000F8C
_Lo_ISR                         intcodelo    000018
_MyusartRead                    text10       004572
_OSCILLATOR_Initialize          text7        004854
_OSCTUNEbits                    (abs)        000F9B
_PIE1bits                       (abs)        000F9D
_PIR1bits                       (abs)        000F9E
_PORTDbits                      (abs)        000F83
_RCIF                           (abs)        007CF5
_RCONbits                       (abs)        000FD0
_RCREG                          (abs)        000FAE
_RCSTAbits                      (abs)        000FAB
_SPBRG                          (abs)        000FAF
_SPBRGH                         (abs)        000FB0
_T1CONbits                      (abs)        000FCD
_TMR1                           (abs)        000FCE
_TRISB                          (abs)        000F93
_TRISC                          (abs)        000F94
_TRISCbits                      (abs)        000F94
_TRISDbits                      (abs)        000F95
_TXREG                          (abs)        000FAD
_TXSTAbits                      (abs)        000FAC
_UART_Initialize                text5        004468
_UART_Write                     text12       004816
_UART_Write_Text                text48       00460A
__CFG_BOREN$SBORDIS             (abs)        000000
__CFG_BORV$3                    (abs)        000000
__CFG_CCP2MX$PORTC              (abs)        000000
__CFG_CP0$OFF                   (abs)        000000
__CFG_CP1$OFF                   (abs)        000000
__CFG_CP2$OFF                   (abs)        000000
__CFG_CP3$OFF                   (abs)        000000
__CFG_CPB$OFF                   (abs)        000000
__CFG_CPD$OFF                   (abs)        000000
__CFG_EBTR0$OFF                 (abs)        000000
__CFG_EBTR1$OFF                 (abs)        000000
__CFG_EBTR2$OFF                 (abs)        000000
__CFG_EBTR3$OFF                 (abs)        000000
__CFG_EBTRB$OFF                 (abs)        000000
__CFG_FCMEN$OFF                 (abs)        000000
__CFG_IESO$ON                   (abs)        000000
__CFG_LPT1OSC$OFF               (abs)        000000
__CFG_LVP$OFF                   (abs)        000000
__CFG_MCLRE$ON                  (abs)        000000
__CFG_OSC$INTIO67               (abs)        000000
__CFG_PBADEN$OFF                (abs)        000000
__CFG_PWRT$OFF                  (abs)        000000
__CFG_STVREN$ON                 (abs)        000000
__CFG_WDT$OFF                   (abs)        000000
__CFG_WDTPS$1                   (abs)        000000
__CFG_WRT0$OFF                  (abs)        000000
__CFG_WRT1$OFF                  (abs)        000000
__CFG_WRT2$OFF                  (abs)        000000
__CFG_WRT3$OFF                  (abs)        000000
__CFG_WRTB$OFF                  (abs)        000000
__CFG_WRTC$OFF                  (abs)        000000
__CFG_WRTD$OFF                  (abs)        000000
__CFG_XINST$OFF                 (abs)        000000
__HRAM                          (abs)        000000
__Habs1                         abs1         000000
__Hbank0                        bank0        000000
__Hbank1                        bank1        000000
__Hbank2                        bank2        000000
__Hbank3                        bank3        000000
__Hbank4                        bank4        000000
__Hbank5                        bank5        000000
__Hbigbss                       bigbss       000000
__Hbigdata                      bigdata      000000
__Hbigram                       bigram       000000
__Hbss                          bss          000000
__HbssBANK0                     bssBANK0     000000
__HbssBANK1                     bssBANK1     000000
__HbssCOMRAM                    bssCOMRAM    000000
__Hcinit                        cinit        000000
__Hclrtext                      clrtext      000000
__Hcomram                       comram       000000
__Hconfig                       config       30000E
__Hconst                        const        000000
__HcstackBANK0                  cstackBANK0  000000
__HcstackBANK1                  cstackBANK1  000000
__HcstackCOMRAM                 cstackCOMRAM 000000
__Hdata                         data         000000
__HdataBANK0                    dataBANK0    000000
__HdataBANK1                    dataBANK1    000000
__Heeprom_data                  eeprom_data  000000
__Hfarbss                       farbss       000000
__Hfardata                      fardata      000000
__Hibigdata                     ibigdata     000000
__Hidata                        idata        000000
__HidataBANK0                   idataBANK0   000000
__HidataBANK1                   idataBANK1   000000
__Hidloc                        idloc        200008
__Hifardata                     ifardata     000000
__Hinit                         init         00007C
__Hintcode                      intcode      00000E
__Hintcode_body                 intcode_body 000000
__Hintcodelo                    intcodelo    000078
__Hintentry                     intentry     000000
__Hintret                       intret       000000
__Hintsave_regs                 intsave_regs 000000
__Hirdata                       irdata       000000
__Hmediumconst                  mediumconst  000000
__HnvFARRAM                     nvFARRAM     000000
__Hnvbit                        nvbit        000000
__Hnvrram                       nvrram       000000
__Hparam                        rparam       000000
__Hpowerup                      powerup      000078
__Hram                          ram          000000
__Hramtop                       ramtop       000600
__Hrbit                         rbit         000000
__Hrbss                         rbss         000000
__Hrdata                        rdata        000000
__Hreset_vec                    reset_vec    000004
__Hrparam                       rparam       000000
__Hsfr                          sfr          000000
__Hsmallconst                   smallconst   000646
__Hspace_0                      (abs)        30000E
__Hspace_1                      (abs)        00016D
__Hspace_2                      (abs)        000000
__Hstack                        stack        000000
__Hstruct                       struct       000000
__Htemp                         temp         00007F
__Htext                         text         000000
__Htext0                        text0        000000
__Htext1                        text1        000000
__Htext10                       text10       000000
__Htext11                       text11       000000
__Htext12                       text12       000000
__Htext14                       text14       000000
__Htext15                       text15       000000
__Htext16                       text16       000000
__Htext17                       text17       000000
__Htext18                       text18       000000
__Htext19                       text19       000000
__Htext2                        text2        000000
__Htext20                       text20       000000
__Htext21                       text21       000000
__Htext22                       text22       000000
__Htext23                       text23       000000
__Htext24                       text24       000000
__Htext25                       text25       000000
__Htext26                       text26       000000
__Htext27                       text27       000000
__Htext28                       text28       000000
__Htext29                       text29       000000
__Htext3                        text3        000000
__Htext30                       text30       000000
__Htext31                       text31       000000
__Htext32                       text32       000000
__Htext33                       text33       000000
__Htext34                       text34       000000
__Htext35                       text35       000000
__Htext36                       text36       000000
__Htext37                       text37       000000
__Htext38                       text38       000000
__Htext39                       text39       000000
__Htext4                        text4        000000
__Htext40                       text40       000000
__Htext41                       text41       000000
__Htext42                       text42       000000
__Htext43                       text43       000000
__Htext44                       text44       000000
__Htext45                       text45       000000
__Htext46                       text46       000000
__Htext47                       text47       000000
__Htext48                       text48       000000
__Htext49                       text49       000000
__Htext5                        text5        000000
__Htext50                       text50       000000
__Htext51                       text51       000000
__Htext6                        text6        000000
__Htext7                        text7        000000
__Htext8                        text8        000000
__LRAM                          (abs)        000001
__Labs1                         abs1         000000
__Lbank0                        bank0        000000
__Lbank1                        bank1        000000
__Lbank2                        bank2        000000
__Lbank3                        bank3        000000
__Lbank4                        bank4        000000
__Lbank5                        bank5        000000
__Lbigbss                       bigbss       000000
__Lbigdata                      bigdata      000000
__Lbigram                       bigram       000000
__Lbss                          bss          000000
__LbssBANK0                     bssBANK0     000000
__LbssBANK1                     bssBANK1     000000
__LbssCOMRAM                    bssCOMRAM    000000
__Lcinit                        cinit        000000
__Lclrtext                      clrtext      000000
__Lcomram                       comram       000000
__Lconfig                       config       300000
__Lconst                        const        000000
__LcstackBANK0                  cstackBANK0  000000
__LcstackBANK1                  cstackBANK1  000000
__LcstackCOMRAM                 cstackCOMRAM 000000
__Ldata                         data         000000
__LdataBANK0                    dataBANK0    000000
__LdataBANK1                    dataBANK1    000000
__Leeprom_data                  eeprom_data  000000
__Lfarbss                       farbss       000000
__Lfardata                      fardata      000000
__Libigdata                     ibigdata     000000
__Lidata                        idata        000000
__LidataBANK0                   idataBANK0   000000
__LidataBANK1                   idataBANK1   000000
__Lidloc                        idloc        200000
__Lifardata                     ifardata     000000
__Linit                         init         000078
__Lintcode                      intcode      000008
__Lintcode_body                 intcode_body 000000
__Lintcodelo                    intcodelo    000018
__Lintentry                     intentry     000000
__Lintret                       intret       000000
__Lintsave_regs                 intsave_regs 000000
__Lirdata                       irdata       000000
__Lmediumconst                  mediumconst  000000
__LnvFARRAM                     nvFARRAM     000000
__Lnvbit                        nvbit        000000
__Lnvrram                       nvrram       000000
__Lparam                        rparam       000000
__Lpowerup                      powerup      000078
__Lram                          ram          000000
__Lramtop                       ramtop       000600
__Lrbit                         rbit         000000
__Lrbss                         rbss         000000
__Lrdata                        rdata        000000
__Lreset_vec                    reset_vec    000000
__Lrparam                       rparam       000000
__Lsfr                          sfr          000000
__Lsmallconst                   smallconst   000600
__Lspace_0                      (abs)        000000
__Lspace_1                      (abs)        000000
__Lspace_2                      (abs)        000000
__Lstack                        stack        000000
__Lstruct                       struct       000000
__Ltemp                         temp         00007E
__Ltext                         text         000000
__Ltext0                        text0        000000
__Ltext1                        text1        000000
__Ltext10                       text10       000000
__Ltext11                       text11       000000
__Ltext12                       text12       000000
__Ltext14                       text14       000000
__Ltext15                       text15       000000
__Ltext16                       text16       000000
__Ltext17                       text17       000000
__Ltext18                       text18       000000
__Ltext19                       text19       000000
__Ltext2                        text2        000000
__Ltext20                       text20       000000
__Ltext21                       text21       000000
__Ltext22                       text22       000000
__Ltext23                       text23       000000
__Ltext24                       text24       000000
__Ltext25                       text25       000000
__Ltext26                       text26       000000
__Ltext27                       text27       000000
__Ltext28                       text28       000000
__Ltext29                       text29       000000
__Ltext3                        text3        000000
__Ltext30                       text30       000000
__Ltext31                       text31       000000
__Ltext32                       text32       000000
__Ltext33                       text33       000000
__Ltext34                       text34       000000
__Ltext35                       text35       000000
__Ltext36                       text36       000000
__Ltext37                       text37       000000
__Ltext38                       text38       000000
__Ltext39                       text39       000000
__Ltext4                        text4        000000
__Ltext40                       text40       000000
__Ltext41                       text41       000000
__Ltext42                       text42       000000
__Ltext43                       text43       000000
__Ltext44                       text44       000000
__Ltext45                       text45       000000
__Ltext46                       text46       000000
__Ltext47                       text47       000000
__Ltext48                       text48       000000
__Ltext49                       text49       000000
__Ltext5                        text5        000000
__Ltext50                       text50       000000
__Ltext51                       text51       000000
__Ltext6                        text6        000000
__Ltext7                        text7        000000
__Ltext8                        text8        000000
__S0                            (abs)        30000E
__S1                            (abs)        00016D
__S2                            (abs)        000000
___aldiv                        text6        0031C6
___aldiv@counter                cstackBANK1  000113
___aldiv@dividend               cstackBANK1  00010B
___aldiv@divisor                cstackBANK1  00010F
___aldiv@quotient               cstackBANK1  000115
___aldiv@sign                   cstackBANK1  000114
___aodiv                        text37       002CE0
___aodiv@counter                cstackCOMRAM 000011
___aodiv@dividend               cstackCOMRAM 000001
___aodiv@divisor                cstackCOMRAM 000009
___aodiv@quotient               cstackCOMRAM 000013
___aodiv@sign                   cstackCOMRAM 000012
___aomod                        text36       00303A
___aomod@counter                cstackCOMRAM 000011
___aomod@dividend               cstackCOMRAM 000001
___aomod@divisor                cstackCOMRAM 000009
___aomod@sign                   cstackCOMRAM 000012
___awmod                        text4        003BF0
___awmod@counter                cstackBANK1  000131
___awmod@dividend               cstackBANK1  00012D
___awmod@divisor                cstackBANK1  00012F
___awmod@sign                   cstackBANK1  000132
___inthi_sp                     stack        000000
___intlo_sp                     stack        000000
___lodiv                        text30       003664
___lodiv@counter                cstackCOMRAM 000019
___lodiv@dividend               cstackCOMRAM 000001
___lodiv@divisor                cstackCOMRAM 000009
___lodiv@quotient               cstackCOMRAM 000011
___lomod                        text29       00394C
___lomod@counter                cstackCOMRAM 000011
___lomod@dividend               cstackCOMRAM 000001
___lomod@divisor                cstackCOMRAM 000009
___omul                         text3        003FF8
___omul@multiplicand            cstackBANK1  000113
___omul@multiplier              cstackBANK1  00010B
___omul@product                 cstackBANK1  00011B
___param_bank                   (abs)        000000
___rparam_used                  (abs)        000001
___sp                           stack        000000
___wmul                         text47       0047C6
___wmul@multiplicand            cstackCOMRAM 000003
___wmul@multiplier              cstackCOMRAM 000001
___wmul@product                 cstackCOMRAM 000005
__accesstop                     (abs)        000080
__activetblptr                  (abs)        000002
__end_of_ClearBuffer            text50       0042D4
__end_of_Hi_ISR                 intcode_body 002050
__end_of_INTERRUPT_Initialize   text8        004816
__end_of_Lo_ISR                 intcodelo    000078
__end_of_MyusartRead            text10       0045BE
__end_of_OSCILLATOR_Initialize  text7        00485E
__end_of_UART_Initialize        text5        0044C6
__end_of_UART_Write             text12       004836
__end_of_UART_Write_Text        text48       004652
__end_of___aldiv                text6        0032FC
__end_of___aodiv                text37       002E90
__end_of___aomod                text36       0031C6
__end_of___awmod                text4        003CCA
__end_of___lodiv                text30       003768
__end_of___lomod                text29       003A30
__end_of___omul                 text3        0040A0
__end_of___wmul                 text47       0047F0
__end_of__initialization        cinit        0043F8
__end_of_abs                    text35       004696
__end_of_atoi                   text44       002CE0
__end_of_createPlate            text1        003FF8
__end_of_ctoa                   text38       004468
__end_of_destroyPlate           text51       00433E
__end_of_dtoa                   text34       0026A0
__end_of_fputc                  text42       003BF0
__end_of_fputs                  text41       00460A
__end_of_isalpha                text27       0046D6
__end_of_isdigit                text46       0047C6
__end_of_islower                text25       00474E
__end_of_isspace                text45       004520
__end_of_isupper                text26       00478A
__end_of_main                   text0        003664
__end_of_otoa                   text33       002AD2
__end_of_pad                    text39       003F4E
__end_of_putch                  text43       00486A
__end_of_rand                   text2        00394C
__end_of_sendData               text18       003428
__end_of_snprintf               text19       004712
__end_of_stoa                   text32       00303A
__end_of_strlen                 text40       004572
__end_of_strncmp                text31       003868
__end_of_toupper                text24       004268
__end_of_utoa                   text28       0028C4
__end_of_vfpfcnvrt              text22       001C56
__end_of_vfprintf               text21       0043A4
__end_of_vsnprintf              text20       003550
__end_of_xtoa                   text23       002386
__end_ofi1___awmod              text11       003DA4
__end_ofi2_UART_Write           text49       004854
__end_ofi2___awmod              text17       003E7C
__end_ofi2___omul               text16       004146
__end_ofi2_createPlate          text14       0041EA
__end_ofi2_rand                 text15       003B12
__initialization                cinit        0043A4
__mediumconst                   mediumconst  000000
__pbssBANK0                     bssBANK0     0000CA
__pbssBANK1                     bssBANK1     00013F
__pbssCOMRAM                    bssCOMRAM    00007C
__pcinit                        cinit        0043A4
__pcstackBANK0                  cstackBANK0  000080
__pcstackBANK1                  cstackBANK1  000100
__pcstackCOMRAM                 cstackCOMRAM 000001
__pdataBANK0                    dataBANK0    0000F6
__pdataBANK1                    dataBANK1    00016B
__pidataBANK0                   idataBANK0   00485E
__pidataBANK1                   idataBANK1   004865
__pintcode                      intcode      000008
__pintcode_body                 intcode_body 001C56
__pintcodelo                    intcodelo    000018
__psmallconst                   smallconst   000600
__ptext0                        text0        003550
__ptext1                        text1        003F4E
__ptext10                       text10       004572
__ptext11                       text11       003CCA
__ptext12                       text12       004816
__ptext14                       text14       004146
__ptext15                       text15       003A30
__ptext16                       text16       0040A0
__ptext17                       text17       003DA4
__ptext18                       text18       0032FC
__ptext19                       text19       0046D6
__ptext2                        text2        003868
__ptext20                       text20       003428
__ptext21                       text21       00433E
__ptext22                       text22       000646
__ptext23                       text23       002050
__ptext24                       text24       0041EA
__ptext25                       text25       004712
__ptext26                       text26       00474E
__ptext27                       text27       004696
__ptext28                       text28       0026A0
__ptext29                       text29       00394C
__ptext3                        text3        003FF8
__ptext30                       text30       003664
__ptext31                       text31       003768
__ptext32                       text32       002E90
__ptext33                       text33       0028C4
__ptext34                       text34       002386
__ptext35                       text35       004652
__ptext36                       text36       00303A
__ptext37                       text37       002CE0
__ptext38                       text38       004406
__ptext39                       text39       003E7C
__ptext4                        text4        003BF0
__ptext40                       text40       004520
__ptext41                       text41       0045BE
__ptext42                       text42       003B12
__ptext43                       text43       004868
__ptext44                       text44       002AD2
__ptext45                       text45       0044C6
__ptext46                       text46       00478A
__ptext47                       text47       0047C6
__ptext48                       text48       00460A
__ptext49                       text49       004836
__ptext5                        text5        004468
__ptext50                       text50       004268
__ptext51                       text51       0042D4
__ptext6                        text6        0031C6
__ptext7                        text7        004854
__ptext8                        text8        0047F0
__ramtop                        ramtop       000600
__size_of_ClearBuffer           (abs)        000000
__size_of_Hi_ISR                (abs)        000000
__size_of_INTERRUPT_Initialize  (abs)        000000
__size_of_Lo_ISR                (abs)        000000
__size_of_MyusartRead           (abs)        000000
__size_of_OSCILLATOR_Initialize (abs)        000000
__size_of_UART_Initialize       (abs)        000000
__size_of_UART_Write            (abs)        000000
__size_of_UART_Write_Text       (abs)        000000
__size_of___aldiv               (abs)        000000
__size_of___aodiv               (abs)        000000
__size_of___aomod               (abs)        000000
__size_of___awmod               (abs)        000000
__size_of___lodiv               (abs)        000000
__size_of___lomod               (abs)        000000
__size_of___omul                (abs)        000000
__size_of___wmul                (abs)        000000
__size_of_abs                   (abs)        000000
__size_of_atoi                  (abs)        000000
__size_of_createPlate           (abs)        000000
__size_of_ctoa                  (abs)        000000
__size_of_destroyPlate          (abs)        000000
__size_of_dtoa                  (abs)        000000
__size_of_fputc                 (abs)        000000
__size_of_fputs                 (abs)        000000
__size_of_isalpha               (abs)        000000
__size_of_isdigit               (abs)        000000
__size_of_islower               (abs)        000000
__size_of_isspace               (abs)        000000
__size_of_isupper               (abs)        000000
__size_of_main                  (abs)        000000
__size_of_otoa                  (abs)        000000
__size_of_pad                   (abs)        000000
__size_of_putch                 (abs)        000000
__size_of_rand                  (abs)        000000
__size_of_sendData              (abs)        000000
__size_of_snprintf              (abs)        000000
__size_of_stoa                  (abs)        000000
__size_of_strlen                (abs)        000000
__size_of_strncmp               (abs)        000000
__size_of_toupper               (abs)        000000
__size_of_utoa                  (abs)        000000
__size_of_vfpfcnvrt             (abs)        000000
__size_of_vfprintf              (abs)        000000
__size_of_vsnprintf             (abs)        000000
__size_of_xtoa                  (abs)        000000
__size_ofi1___awmod             (abs)        000000
__size_ofi2_UART_Write          (abs)        000000
__size_ofi2___awmod             (abs)        000000
__size_ofi2___omul              (abs)        000000
__size_ofi2_createPlate         (abs)        000000
__size_ofi2_rand                (abs)        000000
__smallconst                    smallconst   000600
_abs                            text35       004652
_atoi                           text44       002AD2
_atoi$1697                      cstackCOMRAM 000010
_atoi$1698                      cstackCOMRAM 000014
_atoi$1699                      cstackCOMRAM 000012
_createPlate                    text1        003F4E
_ctoa                           text38       004406
_dbuf                           bssBANK0     0000D6
_destroyPlate                   text51       0042D4
_dtoa                           text34       002386
_dtoa$1084                      cstackCOMRAM 00002E
_errno                          bssBANK0     0000CA
_flags                          bssCOMRAM    00007C
_fputc                          text42       003B12
_fputs                          text41       0045BE
_isalpha                        text27       004696
_isdigit                        text46       00478A
_islower                        text25       004712
_isspace                        text45       0044C6
_isspace$1724                   cstackCOMRAM 000007
_isupper                        text26       00474E
_lenStr                         bssBANK1     000157
_life                           dataBANK1    00016B
_main                           text0        003550
_mystring                       bssBANK1     000159
_nout                           bssBANK0     0000CC
_onplate                        bssBANK0     0000D2
_otoa                           text33       0028C4
_pad                            text39       003E7C
_plate                          bssBANK1     00013F
_plateNumber                    bssBANK0     0000D4
_player                         bssBANK1     000153
_prec                           bssBANK0     0000D0
_putch                          text43       004868
_rand                           text2        003868
_seed                           bssBANK1     000163
_sendData                       text18       0032FC
_snprintf                       text19       0046D6
_stoa                           text32       002E90
_strlen                         text40       004520
_strncmp                        text31       003768
_toupper                        text24       0041EA
_toupper$1808                   cstackCOMRAM 00000D
_utoa                           text28       0026A0
_vfpfcnvrt                      text22       000646
_vfpfcnvrt$1135                 cstackCOMRAM 000051
_vfpfcnvrt$1136                 cstackCOMRAM 000053
_vfprintf                       text21       00433E
_vsnprintf                      text20       003428
_vsnprintf$1840                 cstackBANK0  000080
_width                          bssBANK0     0000CE
_xtoa                           text23       002050
_xtoa$1120                      cstackCOMRAM 00002F
_xtoa$1121                      cstackCOMRAM 000031
abs@a                           cstackCOMRAM 000013
atoi@n                          cstackCOMRAM 000015
atoi@neg                        cstackCOMRAM 00000E
atoi@s                          cstackCOMRAM 000008
btemp                           temp         00007E
createPlate@index               cstackBANK1  000133
createPlate@x                   cstackBANK1  000137
createPlate@y                   cstackBANK1  000139
ctoa@c                          cstackCOMRAM 00001E
ctoa@fp                         cstackCOMRAM 00001C
ctoa@w                          cstackCOMRAM 00001F
destroyPlate@index              cstackCOMRAM 000001
dtoa@d                          cstackCOMRAM 00001E
dtoa@fp                         cstackCOMRAM 00001C
dtoa@i                          cstackCOMRAM 00003E
dtoa@n                          cstackCOMRAM 000036
dtoa@p                          cstackCOMRAM 000030
dtoa@s                          cstackCOMRAM 000034
dtoa@w                          cstackCOMRAM 000032
end_of_initialization           cinit        0043F8
fputc@c                         cstackCOMRAM 000001
fputc@fp                        cstackCOMRAM 000003
fputs@c                         cstackCOMRAM 00000E
fputs@fp                        cstackCOMRAM 00000C
fputs@i                         cstackCOMRAM 00000F
fputs@s                         cstackCOMRAM 00000A
i1___awmod                      text11       003CCA
i1___awmod@counter              cstackBANK1  000104
i1___awmod@dividend             cstackBANK1  000100
i1___awmod@divisor              cstackBANK1  000102
i1___awmod@sign                 cstackBANK1  000105
i2UART_Write@data               cstackCOMRAM 000001
i2_UART_Write                   text49       004836
i2___awmod                      text17       003DA4
i2___awmod@counter              cstackCOMRAM 000027
i2___awmod@dividend             cstackCOMRAM 000023
i2___awmod@divisor              cstackCOMRAM 000025
i2___awmod@sign                 cstackCOMRAM 000028
i2___omul                       text16       0040A0
i2___omul@multiplicand          cstackCOMRAM 000009
i2___omul@multiplier            cstackCOMRAM 000001
i2___omul@product               cstackCOMRAM 000011
i2_createPlate                  text14       004146
i2_rand                         text15       003A30
i2createPlate@index             cstackCOMRAM 000029
i2createPlate@x                 cstackCOMRAM 00002D
i2createPlate@y                 cstackCOMRAM 00002F
int$flags                       temp         00007E
int_func                        intcode_body 001C56
intlevel0                       text         000000
intlevel1                       text         000000
intlevel2                       text         000000
intlevel3                       text         000000
isalpha@c                       cstackCOMRAM 000001
isdigit@c                       cstackCOMRAM 000001
islower@c                       cstackCOMRAM 000001
isspace@c                       cstackCOMRAM 000001
isupper@c                       cstackCOMRAM 000001
main@i                          cstackBANK1  00013D
otoa@d                          cstackCOMRAM 00001E
otoa@fp                         cstackCOMRAM 00001C
otoa@i                          cstackCOMRAM 00003C
otoa@n                          cstackCOMRAM 000034
otoa@p                          cstackCOMRAM 00002E
otoa@t                          cstackCOMRAM 000030
otoa@w                          cstackCOMRAM 000032
pad@buf                         cstackCOMRAM 000013
pad@fp                          cstackCOMRAM 000011
pad@i                           cstackCOMRAM 000018
pad@p                           cstackCOMRAM 000015
pad@w                           cstackCOMRAM 00001A
sendData@data                   cstackBANK0  00009F
sendData@data_991               cstackBANK0  0000A9
sendData@i                      cstackBANK0  0000B3
snprintf@ap                     cstackBANK0  000098
snprintf@fmt                    cstackBANK0  00008E
snprintf@n                      cstackBANK0  00008C
snprintf@ret                    cstackBANK0  000096
snprintf@s                      cstackBANK0  00008A
stackhi                         (abs)        0005FF
stacklo                         (abs)        00016D
start                           init         000078
start_initialization            cinit        0043A4
stoa@F1148                      dataBANK0    0000F6
stoa@cp                         cstackCOMRAM 00001A
stoa@fp                         cstackCOMRAM 00000A
stoa@i                          cstackCOMRAM 000016
stoa@l                          cstackCOMRAM 00001E
stoa@nuls                       cstackCOMRAM 00000F
stoa@p                          cstackCOMRAM 00001C
stoa@s                          cstackCOMRAM 00000C
stoa@w                          cstackCOMRAM 000018
strlen@a                        cstackCOMRAM 000005
strlen@s                        cstackCOMRAM 000001
strncmp@_l                      cstackCOMRAM 000001
strncmp@_r                      cstackCOMRAM 000003
strncmp@l                       cstackCOMRAM 000009
strncmp@n                       cstackCOMRAM 000005
strncmp@r                       cstackCOMRAM 00000B
toupper@c                       cstackCOMRAM 000007
ttemp5                          temp         00007F
ttemp6                          temp         000082
ttemp7                          temp         000086
utoa@d                          cstackCOMRAM 00001E
utoa@fp                         cstackCOMRAM 00001C
utoa@i                          cstackCOMRAM 00003A
utoa@n                          cstackCOMRAM 000032
utoa@p                          cstackCOMRAM 00002E
utoa@w                          cstackCOMRAM 000030
vfpfcnvrt@ap                    cstackCOMRAM 000047
vfpfcnvrt@c                     cstackCOMRAM 00005F
vfpfcnvrt@cp                    cstackCOMRAM 00004D
vfpfcnvrt@done                  cstackCOMRAM 00004F
vfpfcnvrt@fmt                   cstackCOMRAM 000045
vfpfcnvrt@fp                    cstackCOMRAM 000043
vfpfcnvrt@ll                    cstackCOMRAM 000055
vfpfcnvrt@llu                   cstackCOMRAM 000060
vfpfcnvrt@vp                    cstackCOMRAM 00005D
vfprintf@ap                     cstackCOMRAM 00006C
vfprintf@cfmt                   cstackCOMRAM 00006E
vfprintf@fmt                    cstackCOMRAM 00006A
vfprintf@fp                     cstackCOMRAM 000068
vsnprintf@ap                    cstackCOMRAM 000076
vsnprintf@cnt                   cstackBANK0  000082
vsnprintf@f                     cstackBANK0  000084
vsnprintf@fmt                   cstackCOMRAM 000074
vsnprintf@n                     cstackCOMRAM 000072
vsnprintf@s                     cstackCOMRAM 000070
wtemp8                          temp         00007F
xtoa@c                          cstackCOMRAM 000041
xtoa@d                          cstackCOMRAM 00001E
xtoa@fp                         cstackCOMRAM 00001C
xtoa@i                          cstackCOMRAM 00003F
xtoa@n                          cstackCOMRAM 000037
xtoa@p                          cstackCOMRAM 000033
xtoa@w                          cstackCOMRAM 000035
xtoa@x                          cstackCOMRAM 000026


FUNCTION INFORMATION:

 *************** function _main *****************
 Defined at:
		line 28 in file "main.c"
 Parameters:    Size  Location     Type
		None
 Auto vars:     Size  Location     Type
  i               2   61[BANK1 ] int 
 Return value:  Size  Location     Type
                  1    wreg      void 
 Registers used:
		wreg, fsr2l, fsr2h, status,2, status,0, cstack
 Tracked objects:
		On entry : 
		On exit  : 
		Unchanged: 
 Data sizes:     COMRAM   BANK0   BANK1   BANK2   BANK3   BANK4   BANK5
      Params:         0       0       0       0       0       0       0
      Locals:         0       0       2       0       0       0       0
      Temps:          0       0       2       0       0       0       0
      Totals:         0       0       4       0       0       0       0
Total ram usage:        4 bytes
 Hardware stack levels required when called:   17
 This function calls:
		_INTERRUPT_Initialize
		_OSCILLATOR_Initialize
		_UART_Initialize
		_createPlate
 This function is called by:
		Startup code after reset
 This function uses a non-reentrant model


 *************** function _createPlate *****************
 Defined at:
		line 151 in file "main.c"
 Parameters:    Size  Location     Type
  index           2   51[BANK1 ] int 
 Auto vars:     Size  Location     Type
  y               2   57[BANK1 ] int 
  x               2   55[BANK1 ] int 
 Return value:  Size  Location     Type
                  1    wreg      void 
 Registers used:
		wreg, fsr2l, fsr2h, status,2, status,0, cstack
 Tracked objects:
		On entry : 
		On exit  : 
		Unchanged: 
 Data sizes:     COMRAM   BANK0   BANK1   BANK2   BANK3   BANK4   BANK5
      Params:         0       0       2       0       0       0       0
      Locals:         0       0       4       0       0       0       0
      Temps:          0       0       2       0       0       0       0
      Totals:         0       0       8       0       0       0       0
Total ram usage:        8 bytes
 Hardware stack levels used:    1
 Hardware stack levels required when called:   16
 This function calls:
		___awmod
		_rand
 This function is called by:
		_main
 This function uses a non-reentrant model


 *************** function _rand *****************
 Defined at:
		line 15 in file "C:\Program Files (x86)\Microchip\xc8\v2.00\pic\sources\c99\common\rand.c"
 Parameters:    Size  Location     Type
		None
 Auto vars:     Size  Location     Type
		None
 Return value:  Size  Location     Type
                  2   35[BANK1 ] int 
 Registers used:
		wreg, fsr2l, fsr2h, status,2, status,0, cstack
 Tracked objects:
		On entry : 
		On exit  : 
		Unchanged: 
 Data sizes:     COMRAM   BANK0   BANK1   BANK2   BANK3   BANK4   BANK5
      Params:         0       0       2       0       0       0       0
      Locals:         0       0       0       0       0       0       0
      Temps:          0       0       8       0       0       0       0
      Totals:         0       0      10       0       0       0       0
Total ram usage:       10 bytes
 Hardware stack levels used:    1
 Hardware stack levels required when called:   15
 This function calls:
		___omul
 This function is called by:
		_createPlate
 This function uses a non-reentrant model


 *************** function ___omul *****************
 Defined at:
		line 91 in file "C:\Program Files (x86)\Microchip\xc8\v2.00\pic\sources\c99\common\Umul64.c"
 Parameters:    Size  Location     Type
  multiplier      8   11[BANK1 ] unsigned long long 
  multiplicand    8   19[BANK1 ] unsigned long long 
 Auto vars:     Size  Location     Type
  product         8   27[BANK1 ] unsigned long long 
 Return value:  Size  Location     Type
                  8   11[BANK1 ] unsigned long long 
 Registers used:
		wreg, fsr2l, fsr2h, status,2, status,0
 Tracked objects:
		On entry : 
		On exit  : 
		Unchanged: 
 Data sizes:     COMRAM   BANK0   BANK1   BANK2   BANK3   BANK4   BANK5
      Params:         0       0      16       0       0       0       0
      Locals:         0       0       8       0       0       0       0
      Temps:          0       0       0       0       0       0       0
      Totals:         0       0      24       0       0       0       0
Total ram usage:       24 bytes
 Hardware stack levels used:    1
 Hardware stack levels required when called:   14
 This function calls:
		Nothing
 This function is called by:
		_rand
 This function uses a non-reentrant model


 *************** function ___awmod *****************
 Defined at:
		line 7 in file "C:\Program Files (x86)\Microchip\xc8\v2.00\pic\sources\c99\common\awmod.c"
 Parameters:    Size  Location     Type
  dividend        2   45[BANK1 ] int 
  divisor         2   47[BANK1 ] int 
 Auto vars:     Size  Location     Type
  sign            1   50[BANK1 ] unsigned char 
  counter         1   49[BANK1 ] unsigned char 
 Return value:  Size  Location     Type
                  2   45[BANK1 ] int 
 Registers used:
		wreg, status,2, status,0
 Tracked objects:
		On entry : 
		On exit  : 
		Unchanged: 
 Data sizes:     COMRAM   BANK0   BANK1   BANK2   BANK3   BANK4   BANK5
      Params:         0       0       4       0       0       0       0
      Locals:         0       0       2       0       0       0       0
      Temps:          0       0       0       0       0       0       0
      Totals:         0       0       6       0       0       0       0
Total ram usage:        6 bytes
 Hardware stack levels used:    1
 Hardware stack levels required when called:   14
 This function calls:
		Nothing
 This function is called by:
		_createPlate
 This function uses a non-reentrant model


 *************** function _UART_Initialize *****************
 Defined at:
		line 7 in file "setting_hardaware/uart.c"
 Parameters:    Size  Location     Type
		None
 Auto vars:     Size  Location     Type
  rate            4   25[BANK1 ] long 
 Return value:  Size  Location     Type
                  1    wreg      void 
 Registers used:
		wreg, status,2, status,0, cstack
 Tracked objects:
		On entry : 
		On exit  : 
		Unchanged: 
 Data sizes:     COMRAM   BANK0   BANK1   BANK2   BANK3   BANK4   BANK5
      Params:         0       0       0       0       0       0       0
      Locals:         0       0       4       0       0       0       0
      Temps:          0       0       0       0       0       0       0
      Totals:         0       0       4       0       0       0       0
Total ram usage:        4 bytes
 Hardware stack levels used:    1
 Hardware stack levels required when called:   15
 This function calls:
		___aldiv
 This function is called by:
		_main
 This function uses a non-reentrant model


 *************** function ___aldiv *****************
 Defined at:
		line 7 in file "C:\Program Files (x86)\Microchip\xc8\v2.00\pic\sources\c99\common\aldiv.c"
 Parameters:    Size  Location     Type
  dividend        4   11[BANK1 ] long 
  divisor         4   15[BANK1 ] long 
 Auto vars:     Size  Location     Type
  quotient        4   21[BANK1 ] long 
  sign            1   20[BANK1 ] unsigned char 
  counter         1   19[BANK1 ] unsigned char 
 Return value:  Size  Location     Type
                  4   11[BANK1 ] long 
 Registers used:
		wreg, status,2, status,0
 Tracked objects:
		On entry : 
		On exit  : 
		Unchanged: 
 Data sizes:     COMRAM   BANK0   BANK1   BANK2   BANK3   BANK4   BANK5
      Params:         0       0       8       0       0       0       0
      Locals:         0       0       6       0       0       0       0
      Temps:          0       0       0       0       0       0       0
      Totals:         0       0      14       0       0       0       0
Total ram usage:       14 bytes
 Hardware stack levels used:    1
 Hardware stack levels required when called:   14
 This function calls:
		Nothing
 This function is called by:
		_UART_Initialize
 This function uses a non-reentrant model


 *************** function _OSCILLATOR_Initialize *****************
 Defined at:
		line 64 in file "setting_hardaware/setting.c"
 Parameters:    Size  Location     Type
		None
 Auto vars:     Size  Location     Type
		None
 Return value:  Size  Location     Type
                  1    wreg      void 
 Registers used:
		None
 Tracked objects:
		On entry : 
		On exit  : 
		Unchanged: 
 Data sizes:     COMRAM   BANK0   BANK1   BANK2   BANK3   BANK4   BANK5
      Params:         0       0       0       0       0       0       0
      Locals:         0       0       0       0       0       0       0
      Temps:          0       0       0       0       0       0       0
      Totals:         0       0       0       0       0       0       0
Total ram usage:        0 bytes
 Hardware stack levels used:    1
 Hardware stack levels required when called:   14
 This function calls:
		Nothing
 This function is called by:
		_main
 This function uses a non-reentrant model


 *************** function _INTERRUPT_Initialize *****************
 Defined at:
		line 3 in file "setting_hardaware/interrupt_manager.c"
 Parameters:    Size  Location     Type
		None
 Auto vars:     Size  Location     Type
		None
 Return value:  Size  Location     Type
                  1    wreg      void 
 Registers used:
		wreg, status,2
 Tracked objects:
		On entry : 
		On exit  : 
		Unchanged: 
 Data sizes:     COMRAM   BANK0   BANK1   BANK2   BANK3   BANK4   BANK5
      Params:         0       0       0       0       0       0       0
      Locals:         0       0       0       0       0       0       0
      Temps:          0       0       0       0       0       0       0
      Totals:         0       0       0       0       0       0       0
Total ram usage:        0 bytes
 Hardware stack levels used:    1
 Hardware stack levels required when called:   14
 This function calls:
		Nothing
 This function is called by:
		_main
 This function uses a non-reentrant model


 *************** function _Lo_ISR *****************
 Defined at:
		line 77 in file "setting_hardaware/uart.c"
 Parameters:    Size  Location     Type
		None
 Auto vars:     Size  Location     Type
		None
 Return value:  Size  Location     Type
                  1    wreg      void 
 Registers used:
		wreg, fsr2l, fsr2h, status,2, status,0, cstack
 Tracked objects:
		On entry : 
		On exit  : 
		Unchanged: 
 Data sizes:     COMRAM   BANK0   BANK1   BANK2   BANK3   BANK4   BANK5
      Params:         0       0       0       0       0       0       0
      Locals:         0       0       0       0       0       0       0
      Temps:          0       0       5       0       0       0       0
      Totals:         0       0       5       0       0       0       0
Total ram usage:        5 bytes
 Hardware stack levels used:    1
 Hardware stack levels required when called:   13
 This function calls:
		_MyusartRead
 This function is called by:
		Interrupt level 1
 This function uses a non-reentrant model


 *************** function _MyusartRead *****************
 Defined at:
		line 63 in file "setting_hardaware/uart.c"
 Parameters:    Size  Location     Type
		None
 Auto vars:     Size  Location     Type
		None
 Return value:  Size  Location     Type
                  1    wreg      void 
 Registers used:
		wreg, fsr2l, fsr2h, status,2, status,0, cstack
 Tracked objects:
		On entry : 
		On exit  : 
		Unchanged: 
 Data sizes:     COMRAM   BANK0   BANK1   BANK2   BANK3   BANK4   BANK5
      Params:         0       0       0       0       0       0       0
      Locals:         0       0       0       0       0       0       0
      Temps:          0       0       0       0       0       0       0
      Totals:         0       0       0       0       0       0       0
Total ram usage:        0 bytes
 Hardware stack levels used:    1
 Hardware stack levels required when called:   12
 This function calls:
		_UART_Write
		i1___awmod
 This function is called by:
		_Lo_ISR
 This function uses a non-reentrant model


 *************** function i1___awmod *****************
 Defined at:
		line 7 in file "C:\Program Files (x86)\Microchip\xc8\v2.00\pic\sources\c99\common\awmod.c"
 Parameters:    Size  Location     Type
  dividend        2    0[BANK1 ] int 
  divisor         2    2[BANK1 ] int 
 Auto vars:     Size  Location     Type
  __awmod         1    5[BANK1 ] unsigned char 
  __awmod         1    4[BANK1 ] unsigned char 
 Return value:  Size  Location     Type
                  2    0[BANK1 ] int 
 Registers used:
		wreg, status,2, status,0
 Tracked objects:
		On entry : 
		On exit  : 
		Unchanged: 
 Data sizes:     COMRAM   BANK0   BANK1   BANK2   BANK3   BANK4   BANK5
      Params:         0       0       4       0       0       0       0
      Locals:         0       0       2       0       0       0       0
      Temps:          0       0       0       0       0       0       0
      Totals:         0       0       6       0       0       0       0
Total ram usage:        6 bytes
 Hardware stack levels used:    1
 Hardware stack levels required when called:   11
 This function calls:
		Nothing
 This function is called by:
		_MyusartRead
 This function uses a non-reentrant model


 *************** function _UART_Write *****************
 Defined at:
		line 42 in file "setting_hardaware/uart.c"
 Parameters:    Size  Location     Type
  data            1    wreg     unsigned char 
 Auto vars:     Size  Location     Type
  data            1    0[BANK1 ] unsigned char 
 Return value:  Size  Location     Type
                  1    wreg      void 
 Registers used:
		wreg
 Tracked objects:
		On entry : 
		On exit  : 
		Unchanged: 
 Data sizes:     COMRAM   BANK0   BANK1   BANK2   BANK3   BANK4   BANK5
      Params:         0       0       0       0       0       0       0
      Locals:         0       0       1       0       0       0       0
      Temps:          0       0       0       0       0       0       0
      Totals:         0       0       1       0       0       0       0
Total ram usage:        1 bytes
 Hardware stack levels used:    1
 Hardware stack levels required when called:   11
 This function calls:
		Nothing
 This function is called by:
		_MyusartRead
 This function uses a non-reentrant model


 *************** function _Hi_ISR *****************
 Defined at:
		line 67 in file "main.c"
 Parameters:    Size  Location     Type
		None
 Auto vars:     Size  Location     Type
  i               2   70[BANK0 ] int 
  i               2   72[BANK0 ] int 
 Return value:  Size  Location     Type
                  1    wreg      void 
 Registers used:
		wreg, fsr1l, fsr1h, fsr2l, fsr2h, status,2, status,0, tblptrl, tblptrh, tblptru, prodl, prodh, cstack
 Tracked objects:
		On entry : 
		On exit  : 
		Unchanged: 
 Data sizes:     COMRAM   BANK0   BANK1   BANK2   BANK3   BANK4   BANK5
      Params:         0       0       0       0       0       0       0
      Locals:         0       4       0       0       0       0       0
      Temps:          0      17       0       0       0       0       0
      Totals:         0      21       0       0       0       0       0
Total ram usage:       21 bytes
 Hardware stack levels used:    1
 Hardware stack levels required when called:   10
 This function calls:
		_destroyPlate
		_sendData
		i2_createPlate
 This function is called by:
		Interrupt level 2
 This function uses a non-reentrant model


 *************** function i2_createPlate *****************
 Defined at:
		line 151 in file "main.c"
 Parameters:    Size  Location     Type
  index           2   40[COMRAM] int 
 Auto vars:     Size  Location     Type
  createPlate     2   46[COMRAM] int 
  createPlate     2   44[COMRAM] int 
 Return value:  Size  Location     Type
                  1    wreg      void 
 Registers used:
		wreg, fsr2l, fsr2h, status,2, status,0, cstack
 Tracked objects:
		On entry : 
		On exit  : 
		Unchanged: 
 Data sizes:     COMRAM   BANK0   BANK1   BANK2   BANK3   BANK4   BANK5
      Params:         2       0       0       0       0       0       0
      Locals:         4       0       0       0       0       0       0
      Temps:          2       0       0       0       0       0       0
      Totals:         8       0       0       0       0       0       0
Total ram usage:        8 bytes
 Hardware stack levels used:    1
 Hardware stack levels required when called:    2
 This function calls:
		i2___awmod
		i2_rand
 This function is called by:
		_Hi_ISR
 This function uses a non-reentrant model


 *************** function i2_rand *****************
 Defined at:
		line 15 in file "C:\Program Files (x86)\Microchip\xc8\v2.00\pic\sources\c99\common\rand.c"
 Parameters:    Size  Location     Type
		None
 Auto vars:     Size  Location     Type
		None
 Return value:  Size  Location     Type
                  2   24[COMRAM] int 
 Registers used:
		wreg, fsr2l, fsr2h, status,2, status,0, cstack
 Tracked objects:
		On entry : 
		On exit  : 
		Unchanged: 
 Data sizes:     COMRAM   BANK0   BANK1   BANK2   BANK3   BANK4   BANK5
      Params:         2       0       0       0       0       0       0
      Locals:         0       0       0       0       0       0       0
      Temps:          8       0       0       0       0       0       0
      Totals:        10       0       0       0       0       0       0
Total ram usage:       10 bytes
 Hardware stack levels used:    1
 Hardware stack levels required when called:    1
 This function calls:
		i2___omul
 This function is called by:
		i2_createPlate
 This function uses a non-reentrant model


 *************** function i2___omul *****************
 Defined at:
		line 91 in file "C:\Program Files (x86)\Microchip\xc8\v2.00\pic\sources\c99\common\Umul64.c"
 Parameters:    Size  Location     Type
  multiplier      8    0[COMRAM] unsigned long long 
  multiplicand    8    8[COMRAM] unsigned long long 
 Auto vars:     Size  Location     Type
  __omul          8   16[COMRAM] unsigned long long 
 Return value:  Size  Location     Type
                  8    0[COMRAM] unsigned long long 
 Registers used:
		wreg, fsr2l, fsr2h, status,2, status,0
 Tracked objects:
		On entry : 
		On exit  : 
		Unchanged: 
 Data sizes:     COMRAM   BANK0   BANK1   BANK2   BANK3   BANK4   BANK5
      Params:        16       0       0       0       0       0       0
      Locals:         8       0       0       0       0       0       0
      Temps:          0       0       0       0       0       0       0
      Totals:        24       0       0       0       0       0       0
Total ram usage:       24 bytes
 Hardware stack levels used:    1
 This function calls:
		Nothing
 This function is called by:
		i2_rand
 This function uses a non-reentrant model


 *************** function i2___awmod *****************
 Defined at:
		line 7 in file "C:\Program Files (x86)\Microchip\xc8\v2.00\pic\sources\c99\common\awmod.c"
 Parameters:    Size  Location     Type
  dividend        2   34[COMRAM] int 
  divisor         2   36[COMRAM] int 
 Auto vars:     Size  Location     Type
  __awmod         1   39[COMRAM] unsigned char 
  __awmod         1   38[COMRAM] unsigned char 
 Return value:  Size  Location     Type
                  2   34[COMRAM] int 
 Registers used:
		wreg, status,2, status,0
 Tracked objects:
		On entry : 
		On exit  : 
		Unchanged: 
 Data sizes:     COMRAM   BANK0   BANK1   BANK2   BANK3   BANK4   BANK5
      Params:         4       0       0       0       0       0       0
      Locals:         2       0       0       0       0       0       0
      Temps:          0       0       0       0       0       0       0
      Totals:         6       0       0       0       0       0       0
Total ram usage:        6 bytes
 Hardware stack levels used:    1
 This function calls:
		Nothing
 This function is called by:
		i2_createPlate
 This function uses a non-reentrant model


 *************** function _sendData *****************
 Defined at:
		line 129 in file "main.c"
 Parameters:    Size  Location     Type
		None
 Auto vars:     Size  Location     Type
  data           10   41[BANK0 ] unsigned char [10]
  i               2   51[BANK0 ] int 
  data           10   31[BANK0 ] unsigned char [10]
 Return value:  Size  Location     Type
                  1    wreg      void 
 Registers used:
		wreg, fsr1l, fsr1h, fsr2l, fsr2h, status,2, status,0, tblptrl, tblptrh, tblptru, prodl, prodh, cstack
 Tracked objects:
		On entry : 
		On exit  : 
		Unchanged: 
 Data sizes:     COMRAM   BANK0   BANK1   BANK2   BANK3   BANK4   BANK5
      Params:         0       0       0       0       0       0       0
      Locals:         0      22       0       0       0       0       0
      Temps:          0       5       0       0       0       0       0
      Totals:         0      27       0       0       0       0       0
Total ram usage:       27 bytes
 Hardware stack levels used:    1
 Hardware stack levels required when called:    9
 This function calls:
		_ClearBuffer
		_UART_Write_Text
		_snprintf
 This function is called by:
		_Hi_ISR
 This function uses a non-reentrant model


 *************** function _snprintf *****************
 Defined at:
		line 4 in file "C:\Program Files (x86)\Microchip\xc8\v2.00\pic\sources\c99\common\snprintf.c"
 Parameters:    Size  Location     Type
  s               2   10[BANK0 ] PTR unsigned char 
		 -> sendData@data_991(10), sendData@data(10), 
  n               2   12[BANK0 ] unsigned int 
  fmt             2   14[BANK0 ] PTR const unsigned char 
		 -> STR_2(10), STR_1(9), 
 Auto vars:     Size  Location     Type
[...]
Total ram usage:        6 bytes
 Hardware stack levels used:    1
 This function calls:
		Nothing
 This function is called by:
		_pad
		_stoa
 This function uses a non-reentrant model


 *************** function _fputs *****************
 Defined at:
		line 8 in file "C:\Program Files (x86)\Microchip\xc8\v2.00\pic\sources\c99\common\nf_fputs.c"
 Parameters:    Size  Location     Type
  s               2    9[COMRAM] PTR const unsigned char 
		 -> dbuf(32), 
  fp              2   11[COMRAM] PTR struct _IO_FILE
		 -> vsnprintf@f(6), 
 Auto vars:     Size  Location     Type
  i               2   14[COMRAM] int 
  c               1   13[COMRAM] unsigned char 
 Return value:  Size  Location     Type
                  2    9[COMRAM] int 
 Registers used:
		wreg, fsr1l, fsr1h, fsr2l, fsr2h, status,2, status,0, cstack
 Tracked objects:
		On entry : 
		On exit  : 
		Unchanged: 
 Data sizes:     COMRAM   BANK0   BANK1   BANK2   BANK3   BANK4   BANK5
      Params:         4       0       0       0       0       0       0
      Locals:         3       0       0       0       0       0       0
      Temps:          0       0       0       0       0       0       0
      Totals:         7       0       0       0       0       0       0
Total ram usage:        7 bytes
 Hardware stack levels used:    1
 Hardware stack levels required when called:    2
 This function calls:
		_fputc
 This function is called by:
		_pad
 This function uses a non-reentrant model


 *************** function _fputc *****************
 Defined at:
		line 8 in file "C:\Program Files (x86)\Microchip\xc8\v2.00\pic\sources\c99\common\nf_fputc.c"
 Parameters:    Size  Location     Type
  c               2    0[COMRAM] int 
  fp              2    2[COMRAM] PTR struct _IO_FILE
		 -> vsnprintf@f(6), 
 Auto vars:     Size  Location     Type
		None
 Return value:  Size  Location     Type
                  2    0[COMRAM] int 
 Registers used:
		wreg, fsr1l, fsr1h, fsr2l, fsr2h, status,2, status,0, cstack
 Tracked objects:
		On entry : 
		On exit  : 
		Unchanged: 
 Data sizes:     COMRAM   BANK0   BANK1   BANK2   BANK3   BANK4   BANK5
      Params:         4       0       0       0       0       0       0
      Locals:         0       0       0       0       0       0       0
      Temps:          5       0       0       0       0       0       0
      Totals:         9       0       0       0       0       0       0
Total ram usage:        9 bytes
 Hardware stack levels used:    1
 Hardware stack levels required when called:    1
 This function calls:
		_putch
 This function is called by:
		_pad
		_stoa
		_vfpfcnvrt
		_fputs
 This function uses a non-reentrant model


 *************** function _putch *****************
 Defined at:
		line 7 in file "C:\Program Files (x86)\Microchip\xc8\v2.00\pic\sources\c99\common\putch.c"
 Parameters:    Size  Location     Type
  c               1    wreg     unsigned char 
 Auto vars:     Size  Location     Type
  c               1    0[COMRAM] unsigned char 
 Return value:  Size  Location     Type
                  1    wreg      void 
 Registers used:
		wreg
 Tracked objects:
		On entry : 
		On exit  : 
		Unchanged: 
 Data sizes:     COMRAM   BANK0   BANK1   BANK2   BANK3   BANK4   BANK5
      Params:         0       0       0       0       0       0       0
      Locals:         0       0       0       0       0       0       0
      Temps:          0       0       0       0       0       0       0
      Totals:         0       0       0       0       0       0       0
Total ram usage:        0 bytes
 Hardware stack levels used:    1
 This function calls:
		Nothing
 This function is called by:
		_fputc
 This function uses a non-reentrant model


 *************** function _atoi *****************
 Defined at:
		line 4 in file "C:\Program Files (x86)\Microchip\xc8\v2.00\pic\sources\c99\common\atoi.c"
 Parameters:    Size  Location     Type
  s               2    7[COMRAM] PTR const unsigned char 
		 -> STR_2(10), STR_1(9), 
 Auto vars:     Size  Location     Type
  n               2   20[COMRAM] int 
  neg             2   13[COMRAM] int 
 Return value:  Size  Location     Type
                  2    7[COMRAM] int 
 Registers used:
		wreg, status,2, status,0, tblptrl, tblptrh, tblptru, prodl, prodh, cstack
 Tracked objects:
		On entry : 
		On exit  : 
		Unchanged: 
 Data sizes:     COMRAM   BANK0   BANK1   BANK2   BANK3   BANK4   BANK5
      Params:         2       0       0       0       0       0       0
      Locals:         9       0       0       0       0       0       0
      Temps:          4       0       0       0       0       0       0
      Totals:        15       0       0       0       0       0       0
Total ram usage:       15 bytes
 Hardware stack levels used:    1
 Hardware stack levels required when called:    1
 This function calls:
		___wmul
		_isdigit
		_isspace
 This function is called by:
		_vfpfcnvrt
 This function uses a non-reentrant model


 *************** function _isspace *****************
 Defined at:
		line 5 in file "C:\Program Files (x86)\Microchip\xc8\v2.00\pic\sources\c99\common\isspace.c"
 Parameters:    Size  Location     Type
  c               2    0[COMRAM] int 
 Auto vars:     Size  Location     Type
		None
 Return value:  Size  Location     Type
                  2    0[COMRAM] int 
 Registers used:
		wreg, status,2, status,0
 Tracked objects:
		On entry : 
		On exit  : 
		Unchanged: 
 Data sizes:     COMRAM   BANK0   BANK1   BANK2   BANK3   BANK4   BANK5
      Params:         2       0       0       0       0       0       0
      Locals:         1       0       0       0       0       0       0
      Temps:          4       0       0       0       0       0       0
      Totals:         7       0       0       0       0       0       0
Total ram usage:        7 bytes
 Hardware stack levels used:    1
 This function calls:
		Nothing
 This function is called by:
		_atoi
 This function uses a non-reentrant model


 *************** function _isdigit *****************
 Defined at:
		line 5 in file "C:\Program Files (x86)\Microchip\xc8\v2.00\pic\sources\c99\common\isdigit.c"
 Parameters:    Size  Location     Type
  c               2    0[COMRAM] int 
 Auto vars:     Size  Location     Type
		None
 Return value:  Size  Location     Type
                  2    0[COMRAM] int 
 Registers used:
		wreg, status,2, status,0
 Tracked objects:
		On entry : 
		On exit  : 
		Unchanged: 
 Data sizes:     COMRAM   BANK0   BANK1   BANK2   BANK3   BANK4   BANK5
      Params:         2       0       0       0       0       0       0
      Locals:         0       0       0       0       0       0       0
      Temps:          4       0       0       0       0       0       0
      Totals:         6       0       0       0       0       0       0
Total ram usage:        6 bytes
 Hardware stack levels used:    1
 This function calls:
		Nothing
 This function is called by:
		_vfpfcnvrt
		_atoi
 This function uses a non-reentrant model


 *************** function ___wmul *****************
 Defined at:
		line 15 in file "C:\Program Files (x86)\Microchip\xc8\v2.00\pic\sources\c99\common\Umul16.c"
 Parameters:    Size  Location     Type
  multiplier      2    0[COMRAM] unsigned int 
  multiplicand    2    2[COMRAM] unsigned int 
 Auto vars:     Size  Location     Type
  product         2    4[COMRAM] unsigned int 
 Return value:  Size  Location     Type
                  2    0[COMRAM] unsigned int 
 Registers used:
		wreg, status,2, status,0, prodl, prodh
 Tracked objects:
		On entry : 
		On exit  : 
		Unchanged: 
 Data sizes:     COMRAM   BANK0   BANK1   BANK2   BANK3   BANK4   BANK5
      Params:         4       0       0       0       0       0       0
      Locals:         2       0       0       0       0       0       0
      Temps:          0       0       0       0       0       0       0
      Totals:         6       0       0       0       0       0       0
Total ram usage:        6 bytes
 Hardware stack levels used:    1
 This function calls:
		Nothing
 This function is called by:
		_atoi
 This function uses a non-reentrant model


 *************** function _UART_Write_Text *****************
 Defined at:
		line 52 in file "setting_hardaware/uart.c"
 Parameters:    Size  Location     Type
  text            2    1[COMRAM] PTR unsigned char 
		 -> sendData@data_991(10), sendData@data(10), 
 Auto vars:     Size  Location     Type
  i               2    3[COMRAM] int 
 Return value:  Size  Location     Type
                  1    wreg      void 
 Registers used:
		wreg, fsr2l, fsr2h, status,2, status,0, cstack
 Tracked objects:
		On entry : 
		On exit  : 
		Unchanged: 
 Data sizes:     COMRAM   BANK0   BANK1   BANK2   BANK3   BANK4   BANK5
      Params:         2       0       0       0       0       0       0
      Locals:         2       0       0       0       0       0       0
      Temps:          0       0       0       0       0       0       0
      Totals:         4       0       0       0       0       0       0
Total ram usage:        4 bytes
 Hardware stack levels used:    1
 Hardware stack levels required when called:    1
 This function calls:
		i2_UART_Write
 This function is called by:
		_sendData
 This function uses a non-reentrant model


 *************** function i2_UART_Write *****************
 Defined at:
		line 42 in file "setting_hardaware/uart.c"
 Parameters:    Size  Location     Type
  data            1    wreg     unsigned char 
 Auto vars:     Size  Location     Type
  data            1    0[COMRAM] unsigned char 
 Return value:  Size  Location     Type
                  1    wreg      void 
 Registers used:
		wreg
 Tracked objects:
		On entry : 
		On exit  : 
		Unchanged: 
 Data sizes:     COMRAM   BANK0   BANK1   BANK2   BANK3   BANK4   BANK5
      Params:         0       0       0       0       0       0       0
      Locals:         1       0       0       0       0       0       0
      Temps:          0       0       0       0       0       0       0
      Totals:         1       0       0       0       0       0       0
Total ram usage:        1 bytes
 Hardware stack levels used:    1
 This function calls:
		Nothing
 This function is called by:
		_UART_Write_Text
 This function uses a non-reentrant model


 *************** function _ClearBuffer *****************
 Defined at:
		line 57 in file "setting_hardaware/uart.c"
 Parameters:    Size  Location     Type
		None
 Auto vars:     Size  Location     Type
  i               2    0[COMRAM] int 
 Return value:  Size  Location     Type
                  1    wreg      void 
 Registers used:
		wreg, fsr2l, fsr2h, status,2, status,0
 Tracked objects:
		On entry : 
		On exit  : 
		Unchanged: 
 Data sizes:     COMRAM   BANK0   BANK1   BANK2   BANK3   BANK4   BANK5
      Params:         0       0       0       0       0       0       0
      Locals:         2       0       0       0       0       0       0
      Temps:          0       0       0       0       0       0       0
      Totals:         2       0       0       0       0       0       0
Total ram usage:        2 bytes
 Hardware stack levels used:    1
 This function calls:
		Nothing
 This function is called by:
		_sendData
 This function uses a non-reentrant model


 *************** function _destroyPlate *****************
 Defined at:
		line 158 in file "main.c"
 Parameters:    Size  Location     Type
  index           2    0[COMRAM] int 
 Auto vars:     Size  Location     Type
		None
 Return value:  Size  Location     Type
                  1    wreg      void 
 Registers used:
		wreg, fsr1l, fsr1h, fsr2l, fsr2h, status,2, status,0
 Tracked objects:
		On entry : 
		On exit  : 
		Unchanged: 
 Data sizes:     COMRAM   BANK0   BANK1   BANK2   BANK3   BANK4   BANK5
      Params:         2       0       0       0       0       0       0
      Locals:         0       0       0       0       0       0       0
      Temps:          6       0       0       0       0       0       0
      Totals:         8       0       0       0       0       0       0
Total ram usage:        8 bytes
 Hardware stack levels used:    1
 This function calls:
		Nothing
 This function is called by:
		_Hi_ISR
 This function uses a non-reentrant model



MODULE INFORMATION

Module		Function		Class		Link	Load	Size
C:\Program Files (x86)\Microchip\xc8\v2.00\pic\sources\c99\common\isspace.c
		_isspace       		CODE           	44C6	0000	91

C:\Program Files (x86)\Microchip\xc8\v2.00\pic\sources\c99\common\isspace.c estimated size: 91

C:\Program Files (x86)\Microchip\xc8\v2.00\pic\sources\c99\common\strncmp.c
		_strncmp       		CODE           	3768	0000	257

C:\Program Files (x86)\Microchip\xc8\v2.00\pic\sources\c99\common\strncmp.c estimated size: 257

setting_hardaware/interrupt_manager.c
		_INTERRUPT_Initialize		CODE           	47F0	0000	39

setting_hardaware/interrupt_manager.c estimated size: 39

C:\Program Files (x86)\Microchip\xc8\v2.00\pic\sources\c99\common\lomod.c
		___lomod       		CODE           	394C	0000	229

C:\Program Files (x86)\Microchip\xc8\v2.00\pic\sources\c99\common\lomod.c estimated size: 229

C:\Program Files (x86)\Microchip\xc8\v2.00\pic\sources\c99\common\aomod.c
		___aomod       		CODE           	303A	0000	397

C:\Program Files (x86)\Microchip\xc8\v2.00\pic\sources\c99\common\aomod.c estimated size: 397

C:\Program Files (x86)\Microchip\xc8\v2.00\pic\sources\c99\common\isalpha.c
		_isalpha       		CODE           	4696	0000	65

C:\Program Files (x86)\Microchip\xc8\v2.00\pic\sources\c99\common\isalpha.c estimated size: 65

C:\Program Files (x86)\Microchip\xc8\v2.00\pic\sources\c99\common\nf_vsnprintf.c
		_vsnprintf     		CODE           	3428	0000	297

C:\Program Files (x86)\Microchip\xc8\v2.00\pic\sources\c99\common\nf_vsnprintf.c estimated size: 297

C:\Program Files (x86)\Microchip\xc8\v2.00\pic\sources\c99\common\snprintf.c
		_snprintf      		CODE           	46D6	0000	61

C:\Program Files (x86)\Microchip\xc8\v2.00\pic\sources\c99\common\snprintf.c estimated size: 61

C:\Program Files (x86)\Microchip\xc8\v2.00\pic\sources\c99\common\awmod.c
		___awmod       		CODE           	3BF0	0000	219

C:\Program Files (x86)\Microchip\xc8\v2.00\pic\sources\c99\common\awmod.c estimated size: 219

setting_hardaware/uart.c
		_Lo_ISR        		CODE           	0018	0000	97
		_MyusartRead   		CODE           	4572	0000	77
		_UART_Write_Text		CODE           	460A	0000	73
		_ClearBuffer   		CODE           	4268	0000	109
		_UART_Initialize		CODE           	4468	0000	95
		_UART_Write    		CODE           	4816	0000	33

setting_hardaware/uart.c estimated size: 484

C:\Program Files (x86)\Microchip\xc8\v2.00\pic\sources\c99\common\putch.c
		_putch         		CODE           	4868	0000	3

C:\Program Files (x86)\Microchip\xc8\v2.00\pic\sources\c99\common\putch.c estimated size: 3

C:\Program Files (x86)\Microchip\xc8\v2.00\pic\sources\c99\common\strlen.c
		_strlen        		CODE           	4520	0000	83

C:\Program Files (x86)\Microchip\xc8\v2.00\pic\sources\c99\common\strlen.c estimated size: 83

C:\Program Files (x86)\Microchip\xc8\v2.00\pic\sources\c99\common\nf_fputc.c
		_fputc         		CODE           	3B12	0000	223

C:\Program Files (x86)\Microchip\xc8\v2.00\pic\sources\c99\common\nf_fputc.c estimated size: 223

C:\Program Files (x86)\Microchip\xc8\v2.00\pic\sources\c99\common\abs.c
		_abs           		CODE           	4652	0000	69

C:\Program Files (x86)\Microchip\xc8\v2.00\pic\sources\c99\common\abs.c estimated size: 69

C:\Program Files (x86)\Microchip\xc8\v2.00\pic\sources\c99\common\lodiv.c
		___lodiv       		CODE           	3664	0000	261

C:\Program Files (x86)\Microchip\xc8\v2.00\pic\sources\c99\common\lodiv.c estimated size: 261

C:\Program Files (x86)\Microchip\xc8\v2.00\pic\sources\c99\common\aodiv.c
		___aodiv       		CODE           	2CE0	0000	433

C:\Program Files (x86)\Microchip\xc8\v2.00\pic\sources\c99\common\aodiv.c estimated size: 433

C:\Program Files (x86)\Microchip\xc8\v2.00\pic\sources\c99\common\isdigit.c
		_isdigit       		CODE           	478A	0000	61

C:\Program Files (x86)\Microchip\xc8\v2.00\pic\sources\c99\common\isdigit.c estimated size: 61

C:\Program Files (x86)\Microchip\xc8\v2.00\pic\sources\c99\common\doprnt.c
		_vfpfcnvrt     		CODE           	0646	0000	5649
		_pad           		CODE           	3E7C	0000	211
		_ctoa          		CODE           	4406	0000	99
		_dtoa          		CODE           	2386	0000	795
		_vfprintf      		CODE           	433E	0000	103
		_otoa          		CODE           	28C4	0000	527
		_stoa          		CODE           	2E90	0000	427
		_utoa          		CODE           	26A0	0000	549
		_xtoa          		CODE           	2050	0000	823

C:\Program Files (x86)\Microchip\xc8\v2.00\pic\sources\c99\common\doprnt.c estimated size: 9183

shared
		i2___omul      		CODE           	40A0	0000	167
		i2_rand        		CODE           	3A30	0000	227
		i2_UART_Write  		CODE           	4836	0000	31
		i2_createPlate 		CODE           	4146	0000	165
		__initialization		CODE           	43A4	0000	85
		i1___awmod     		CODE           	3CCA	0000	219
		i2___awmod     		CODE           	3DA4	0000	217

shared estimated size: 1111

C:\Program Files (x86)\Microchip\xc8\v2.00\pic\sources\c99\common\aldiv.c
		___aldiv       		CODE           	31C6	0000	311

C:\Program Files (x86)\Microchip\xc8\v2.00\pic\sources\c99\common\aldiv.c estimated size: 311

C:\Program Files (x86)\Microchip\xc8\v2.00\pic\sources\c99\common\rand.c
		_rand          		CODE           	3868	0000	229

C:\Program Files (x86)\Microchip\xc8\v2.00\pic\sources\c99\common\rand.c estimated size: 229

setting_hardaware/setting.c
		_OSCILLATOR_Initialize		CODE           	4854	0000	11

setting_hardaware/setting.c estimated size: 11

C:\Program Files (x86)\Microchip\xc8\v2.00\pic\sources\c99\common\atoi.c
		_atoi          		CODE           	2AD2	0000	527

C:\Program Files (x86)\Microchip\xc8\v2.00\pic\sources\c99\common\atoi.c estimated size: 527

C:\Program Files (x86)\Microchip\xc8\v2.00\pic\sources\c99\common\islower.c
		_islower       		CODE           	4712	0000	61

C:\Program Files (x86)\Microchip\xc8\v2.00\pic\sources\c99\common\islower.c estimated size: 61

C:\Program Files (x86)\Microchip\xc8\v2.00\pic\sources\c99\common\Umul64.c
		___omul        		CODE           	3FF8	0000	169

C:\Program Files (x86)\Microchip\xc8\v2.00\pic\sources\c99\common\Umul64.c estimated size: 169

C:\Program Files (x86)\Microchip\xc8\v2.00\pic\sources\c99\common\Umul16.c
		___wmul        		CODE           	47C6	0000	43

C:\Program Files (x86)\Microchip\xc8\v2.00\pic\sources\c99\common\Umul16.c estimated size: 43

main.c
		_createPlate   		CODE           	3F4E	0000	171
		_main          		CODE           	3550	0000	277
		_destroyPlate  		CODE           	42D4	0000	107
		_sendData      		CODE           	32FC	0000	301
		_Hi_ISR        		CODE           	0008	0000	1025

main.c estimated size: 1881

C:\Program Files (x86)\Microchip\xc8\v2.00\pic\sources\c99\common\nf_fputs.c
		_fputs         		CODE           	45BE	0000	77

C:\Program Files (x86)\Microchip\xc8\v2.00\pic\sources\c99\common\nf_fputs.c estimated size: 77

C:\Program Files (x86)\Microchip\xc8\v2.00\pic\sources\c99\common\isupper.c
		_isupper       		CODE           	474E	0000	61

C:\Program Files (x86)\Microchip\xc8\v2.00\pic\sources\c99\common\isupper.c estimated size: 61

C:\Program Files (x86)\Microchip\xc8\v2.00\pic\sources\c99\common\toupper.c
		_toupper       		CODE           	41EA	0000	127

C:\Program Files (x86)\Microchip\xc8\v2.00\pic\sources\c99\common\toupper.c estimated size: 127

