MPLINK 5.09, LINKER
Linker Map File - Created Mon Dec 03 19:09:28 2018

                                 Section Info
                  Section       Type    Address   Location Size(Bytes)
                ---------  ---------  ---------  ---------  ---------
                   .org_0       code   0x000000    program   0x000060
                   .cinit    romdata   0x000060    program   0x000002
.config_300001_BUILD/DEFAULT/PRODUCTION/NEWASMT    romdata   0x300001    program   0x000001
.config_300003_BUILD/DEFAULT/PRODUCTION/NEWASMT    romdata   0x300003    program   0x000001
.config_300006_BUILD/DEFAULT/PRODUCTION/NEWASMT    romdata   0x300006    program   0x000001



                              Program Memory Usage 
                               Start         End      
                           ---------   ---------      
                            0x000000    0x000061      
                            0x300001    0x300001      
                            0x300003    0x300003      
                            0x300006    0x300006      
            101 out of 33048 program addresses used, program memory utilization is 0%



                              Symbols - Sorted by Name
                     Name    Address   Location    Storage File                     
                ---------  ---------  ---------  --------- ---------                
                     HERE   0x000002    program     static C:\Users\Divik\MPLABXProjects\LAB9.X\newAsmTemplate.asm
                     INIT   0x00000e    program     static C:\Users\Divik\MPLABXProjects\LAB9.X\newAsmTemplate.asm
                  INIT_IO   0x000022    program     static C:\Users\Divik\MPLABXProjects\LAB9.X\newAsmTemplate.asm
              INIT_Timer2   0x00003e    program     static C:\Users\Divik\MPLABXProjects\LAB9.X\newAsmTemplate.asm
                     Main   0x000016    program     static C:\Users\Divik\MPLABXProjects\LAB9.X\newAsmTemplate.asm



                              Symbols - Sorted by Address
                     Name    Address   Location    Storage File                     
                ---------  ---------  ---------  --------- ---------                
                     HERE   0x000002    program     static C:\Users\Divik\MPLABXProjects\LAB9.X\newAsmTemplate.asm
                     INIT   0x00000e    program     static C:\Users\Divik\MPLABXProjects\LAB9.X\newAsmTemplate.asm
                     Main   0x000016    program     static C:\Users\Divik\MPLABXProjects\LAB9.X\newAsmTemplate.asm
                  INIT_IO   0x000022    program     static C:\Users\Divik\MPLABXProjects\LAB9.X\newAsmTemplate.asm
              INIT_Timer2   0x00003e    program     static C:\Users\Divik\MPLABXProjects\LAB9.X\newAsmTemplate.asm


